<!doctype html public "-//w3c//dtd html 4.0 transitional//en">
<html><head>
<title>Static Call Graph - [Ket_\Ket_.axf]</title></head>
<body><HR>
<H1>Static Call Graph for image Ket_\Ket_.axf</H1><HR>
<BR><P>#&#060CALLGRAPH&#062# ARM Linker, 5060750: Last Updated: Sat Jun 06 21:25:12 2026
<BR><P>
<H3>Maximum Stack Usage =        392 bytes + Unknown(Functions without stacksize, Cycles, Untraceable Function Pointers)</H3><H3>
Call chain for Maximum Stack Depth:</H3>
__rt_entry_main &rArr; main &rArr; OLED_ShowPinEntry &rArr; OLED_ShowText &rArr; ssd1306_UpdateScreen &rArr; ssd1306_WriteCommand &rArr; HAL_I2C_Mem_Write &rArr; I2C_RequestMemoryWrite &rArr; I2C_WaitOnMasterAddressFlagUntilTimeout
<P>
<H3>
Functions with no stack information
</H3><UL>
 <LI><a href="#[69]">__user_initial_stackheap</a>
</UL>
</UL>
<P>
<H3>
Mutually Recursive functions
</H3> <LI><a href="#[1f]">ADC1_2_IRQHandler</a>&nbsp;&nbsp;&nbsp;&rArr;&nbsp;&nbsp;&nbsp;<a href="#[1f]">ADC1_2_IRQHandler</a><BR>
 <LI><a href="#[7]">BusFault_Handler</a>&nbsp;&nbsp;&nbsp;&rArr;&nbsp;&nbsp;&nbsp;<a href="#[7]">BusFault_Handler</a><BR>
 <LI><a href="#[5]">HardFault_Handler</a>&nbsp;&nbsp;&nbsp;&rArr;&nbsp;&nbsp;&nbsp;<a href="#[5]">HardFault_Handler</a><BR>
 <LI><a href="#[6]">MemManage_Handler</a>&nbsp;&nbsp;&nbsp;&rArr;&nbsp;&nbsp;&nbsp;<a href="#[6]">MemManage_Handler</a><BR>
 <LI><a href="#[4]">NMI_Handler</a>&nbsp;&nbsp;&nbsp;&rArr;&nbsp;&nbsp;&nbsp;<a href="#[4]">NMI_Handler</a><BR>
 <LI><a href="#[8]">UsageFault_Handler</a>&nbsp;&nbsp;&nbsp;&rArr;&nbsp;&nbsp;&nbsp;<a href="#[8]">UsageFault_Handler</a><BR>
</UL>
<P>
<H3>
Function Pointers
</H3><UL>
 <LI><a href="#[1f]">ADC1_2_IRQHandler</a> from startup_stm32f103xb.o(.text) referenced from startup_stm32f103xb.o(RESET)
 <LI><a href="#[7]">BusFault_Handler</a> from stm32f1xx_it.o(i.BusFault_Handler) referenced from startup_stm32f103xb.o(RESET)
 <LI><a href="#[22]">CAN1_RX1_IRQHandler</a> from startup_stm32f103xb.o(.text) referenced from startup_stm32f103xb.o(RESET)
 <LI><a href="#[23]">CAN1_SCE_IRQHandler</a> from startup_stm32f103xb.o(.text) referenced from startup_stm32f103xb.o(RESET)
 <LI><a href="#[18]">DMA1_Channel1_IRQHandler</a> from startup_stm32f103xb.o(.text) referenced from startup_stm32f103xb.o(RESET)
 <LI><a href="#[19]">DMA1_Channel2_IRQHandler</a> from startup_stm32f103xb.o(.text) referenced from startup_stm32f103xb.o(RESET)
 <LI><a href="#[1a]">DMA1_Channel3_IRQHandler</a> from startup_stm32f103xb.o(.text) referenced from startup_stm32f103xb.o(RESET)
 <LI><a href="#[1b]">DMA1_Channel4_IRQHandler</a> from startup_stm32f103xb.o(.text) referenced from startup_stm32f103xb.o(RESET)
 <LI><a href="#[1c]">DMA1_Channel5_IRQHandler</a> from startup_stm32f103xb.o(.text) referenced from startup_stm32f103xb.o(RESET)
 <LI><a href="#[1d]">DMA1_Channel6_IRQHandler</a> from startup_stm32f103xb.o(.text) referenced from startup_stm32f103xb.o(RESET)
 <LI><a href="#[1e]">DMA1_Channel7_IRQHandler</a> from startup_stm32f103xb.o(.text) referenced from startup_stm32f103xb.o(RESET)
 <LI><a href="#[a]">DebugMon_Handler</a> from stm32f1xx_it.o(i.DebugMon_Handler) referenced from startup_stm32f103xb.o(RESET)
 <LI><a href="#[13]">EXTI0_IRQHandler</a> from startup_stm32f103xb.o(.text) referenced from startup_stm32f103xb.o(RESET)
 <LI><a href="#[35]">EXTI15_10_IRQHandler</a> from stm32f1xx_it.o(i.EXTI15_10_IRQHandler) referenced from startup_stm32f103xb.o(RESET)
 <LI><a href="#[14]">EXTI1_IRQHandler</a> from stm32f1xx_it.o(i.EXTI1_IRQHandler) referenced from startup_stm32f103xb.o(RESET)
 <LI><a href="#[15]">EXTI2_IRQHandler</a> from startup_stm32f103xb.o(.text) referenced from startup_stm32f103xb.o(RESET)
 <LI><a href="#[16]">EXTI3_IRQHandler</a> from startup_stm32f103xb.o(.text) referenced from startup_stm32f103xb.o(RESET)
 <LI><a href="#[17]">EXTI4_IRQHandler</a> from startup_stm32f103xb.o(.text) referenced from startup_stm32f103xb.o(RESET)
 <LI><a href="#[24]">EXTI9_5_IRQHandler</a> from stm32f1xx_it.o(i.EXTI9_5_IRQHandler) referenced from startup_stm32f103xb.o(RESET)
 <LI><a href="#[11]">FLASH_IRQHandler</a> from startup_stm32f103xb.o(.text) referenced from startup_stm32f103xb.o(RESET)
 <LI><a href="#[5]">HardFault_Handler</a> from stm32f1xx_it.o(i.HardFault_Handler) referenced from startup_stm32f103xb.o(RESET)
 <LI><a href="#[2d]">I2C1_ER_IRQHandler</a> from startup_stm32f103xb.o(.text) referenced from startup_stm32f103xb.o(RESET)
 <LI><a href="#[2c]">I2C1_EV_IRQHandler</a> from startup_stm32f103xb.o(.text) referenced from startup_stm32f103xb.o(RESET)
 <LI><a href="#[2f]">I2C2_ER_IRQHandler</a> from startup_stm32f103xb.o(.text) referenced from startup_stm32f103xb.o(RESET)
 <LI><a href="#[2e]">I2C2_EV_IRQHandler</a> from startup_stm32f103xb.o(.text) referenced from startup_stm32f103xb.o(RESET)
 <LI><a href="#[6]">MemManage_Handler</a> from stm32f1xx_it.o(i.MemManage_Handler) referenced from startup_stm32f103xb.o(RESET)
 <LI><a href="#[4]">NMI_Handler</a> from stm32f1xx_it.o(i.NMI_Handler) referenced from startup_stm32f103xb.o(RESET)
 <LI><a href="#[e]">PVD_IRQHandler</a> from startup_stm32f103xb.o(.text) referenced from startup_stm32f103xb.o(RESET)
 <LI><a href="#[b]">PendSV_Handler</a> from stm32f1xx_it.o(i.PendSV_Handler) referenced from startup_stm32f103xb.o(RESET)
 <LI><a href="#[12]">RCC_IRQHandler</a> from startup_stm32f103xb.o(.text) referenced from startup_stm32f103xb.o(RESET)
 <LI><a href="#[36]">RTC_Alarm_IRQHandler</a> from startup_stm32f103xb.o(.text) referenced from startup_stm32f103xb.o(RESET)
 <LI><a href="#[10]">RTC_IRQHandler</a> from startup_stm32f103xb.o(.text) referenced from startup_stm32f103xb.o(RESET)
 <LI><a href="#[3]">Reset_Handler</a> from startup_stm32f103xb.o(.text) referenced from startup_stm32f103xb.o(RESET)
 <LI><a href="#[30]">SPI1_IRQHandler</a> from startup_stm32f103xb.o(.text) referenced from startup_stm32f103xb.o(RESET)
 <LI><a href="#[31]">SPI2_IRQHandler</a> from startup_stm32f103xb.o(.text) referenced from startup_stm32f103xb.o(RESET)
 <LI><a href="#[9]">SVC_Handler</a> from stm32f1xx_it.o(i.SVC_Handler) referenced from startup_stm32f103xb.o(RESET)
 <LI><a href="#[c]">SysTick_Handler</a> from stm32f1xx_it.o(i.SysTick_Handler) referenced from startup_stm32f103xb.o(RESET)
 <LI><a href="#[38]">SystemInit</a> from system_stm32f1xx.o(i.SystemInit) referenced from startup_stm32f103xb.o(.text)
 <LI><a href="#[f]">TAMPER_IRQHandler</a> from startup_stm32f103xb.o(.text) referenced from startup_stm32f103xb.o(RESET)
 <LI><a href="#[25]">TIM1_BRK_IRQHandler</a> from startup_stm32f103xb.o(.text) referenced from startup_stm32f103xb.o(RESET)
 <LI><a href="#[28]">TIM1_CC_IRQHandler</a> from startup_stm32f103xb.o(.text) referenced from startup_stm32f103xb.o(RESET)
 <LI><a href="#[27]">TIM1_TRG_COM_IRQHandler</a> from startup_stm32f103xb.o(.text) referenced from startup_stm32f103xb.o(RESET)
 <LI><a href="#[26]">TIM1_UP_IRQHandler</a> from startup_stm32f103xb.o(.text) referenced from startup_stm32f103xb.o(RESET)
 <LI><a href="#[29]">TIM2_IRQHandler</a> from startup_stm32f103xb.o(.text) referenced from startup_stm32f103xb.o(RESET)
 <LI><a href="#[2a]">TIM3_IRQHandler</a> from startup_stm32f103xb.o(.text) referenced from startup_stm32f103xb.o(RESET)
 <LI><a href="#[2b]">TIM4_IRQHandler</a> from startup_stm32f103xb.o(.text) referenced from startup_stm32f103xb.o(RESET)
 <LI><a href="#[3d]">UART_DMAAbortOnError</a> from stm32f1xx_hal_uart.o(i.UART_DMAAbortOnError) referenced from stm32f1xx_hal_uart.o(i.HAL_UART_IRQHandler)
 <LI><a href="#[32]">USART1_IRQHandler</a> from stm32f1xx_it.o(i.USART1_IRQHandler) referenced from startup_stm32f103xb.o(RESET)
 <LI><a href="#[33]">USART2_IRQHandler</a> from startup_stm32f103xb.o(.text) referenced from startup_stm32f103xb.o(RESET)
 <LI><a href="#[34]">USART3_IRQHandler</a> from stm32f1xx_it.o(i.USART3_IRQHandler) referenced from startup_stm32f103xb.o(RESET)
 <LI><a href="#[37]">USBWakeUp_IRQHandler</a> from startup_stm32f103xb.o(.text) referenced from startup_stm32f103xb.o(RESET)
 <LI><a href="#[20]">USB_HP_CAN1_TX_IRQHandler</a> from startup_stm32f103xb.o(.text) referenced from startup_stm32f103xb.o(RESET)
 <LI><a href="#[21]">USB_LP_CAN1_RX0_IRQHandler</a> from startup_stm32f103xb.o(.text) referenced from startup_stm32f103xb.o(RESET)
 <LI><a href="#[8]">UsageFault_Handler</a> from stm32f1xx_it.o(i.UsageFault_Handler) referenced from startup_stm32f103xb.o(RESET)
 <LI><a href="#[d]">WWDG_IRQHandler</a> from startup_stm32f103xb.o(.text) referenced from startup_stm32f103xb.o(RESET)
 <LI><a href="#[3e]">__main</a> from __main.o(!!!main) referenced from startup_stm32f103xb.o(.text)
 <LI><a href="#[3c]">_get_lc_ctype</a> from lc_ctype_c.o(locale$$code) referenced from rt_ctype_table.o(.text)
 <LI><a href="#[3b]">_printf_input_char</a> from _printf_char_common.o(.text) referenced from _printf_char_common.o(.text)
 <LI><a href="#[3a]">_snputc</a> from _snputc.o(.text) referenced from noretval__2snprintf.o(.text)
</UL>
<P>
<H3>
Global Symbols
</H3>
<P><STRONG><a name="[3e]"></a>__main</STRONG> (Thumb, 8 bytes, Stack size 0 bytes, __main.o(!!!main))
<BR><BR>[Calls]<UL><LI><a href="#[3f]">&gt;&gt;</a>&nbsp;&nbsp;&nbsp;__scatterload
<LI><a href="#[40]">&gt;&gt;</a>&nbsp;&nbsp;&nbsp;__rt_entry
</UL>

<P><STRONG><a name="[3f]"></a>__scatterload</STRONG> (Thumb, 0 bytes, Stack size unknown bytes, __scatter.o(!!!scatter))
<BR><BR>[Called By]<UL><LI><a href="#[3e]">&gt;&gt;</a>&nbsp;&nbsp;&nbsp;__main
</UL>

<P><STRONG><a name="[41]"></a>__scatterload_rt2</STRONG> (Thumb, 44 bytes, Stack size unknown bytes, __scatter.o(!!!scatter), UNUSED)
<BR><BR>[Calls]<UL><LI><a href="#[40]">&gt;&gt;</a>&nbsp;&nbsp;&nbsp;__rt_entry
</UL>

<P><STRONG><a name="[d2]"></a>__scatterload_rt2_thumb_only</STRONG> (Thumb, 0 bytes, Stack size unknown bytes, __scatter.o(!!!scatter), UNUSED)

<P><STRONG><a name="[d3]"></a>__scatterload_null</STRONG> (Thumb, 0 bytes, Stack size unknown bytes, __scatter.o(!!!scatter), UNUSED)

<P><STRONG><a name="[42]"></a>__scatterload_copy</STRONG> (Thumb, 26 bytes, Stack size unknown bytes, __scatter_copy.o(!!handler_copy), UNUSED)
<BR><BR>[Calls]<UL><LI><a href="#[42]">&gt;&gt;</a>&nbsp;&nbsp;&nbsp;__scatterload_copy
</UL>
<BR>[Called By]<UL><LI><a href="#[42]">&gt;&gt;</a>&nbsp;&nbsp;&nbsp;__scatterload_copy
</UL>

<P><STRONG><a name="[d4]"></a>__scatterload_zeroinit</STRONG> (Thumb, 28 bytes, Stack size unknown bytes, __scatter_zi.o(!!handler_zi), UNUSED)

<P><STRONG><a name="[43]"></a>_printf_d</STRONG> (Thumb, 0 bytes, Stack size unknown bytes, _printf_d.o(.ARM.Collect$$_printf_percent$$00000009))
<BR><BR>[Stack]<UL><LI>Max Depth = 56 + Unknown Stack Size
<LI>Call Chain = _printf_d &rArr; _printf_int_dec &rArr; _printf_int_common
</UL>
<BR>[Calls]<UL><LI><a href="#[44]">&gt;&gt;</a>&nbsp;&nbsp;&nbsp;_printf_int_dec
</UL>

<P><STRONG><a name="[59]"></a>_printf_percent</STRONG> (Thumb, 0 bytes, Stack size unknown bytes, _printf_percent.o(.ARM.Collect$$_printf_percent$$00000000))
<BR><BR>[Called By]<UL><LI><a href="#[58]">&gt;&gt;</a>&nbsp;&nbsp;&nbsp;__printf
</UL>

<P><STRONG><a name="[45]"></a>_printf_s</STRONG> (Thumb, 0 bytes, Stack size unknown bytes, _printf_s.o(.ARM.Collect$$_printf_percent$$00000014))
<BR><BR>[Stack]<UL><LI>Max Depth = 24 + Unknown Stack Size
<LI>Call Chain = _printf_s &rArr; _printf_string &rArr; _printf_cs_common &rArr; _printf_str
</UL>
<BR>[Calls]<UL><LI><a href="#[46]">&gt;&gt;</a>&nbsp;&nbsp;&nbsp;_printf_string
</UL>

<P><STRONG><a name="[d5]"></a>_printf_percent_end</STRONG> (Thumb, 0 bytes, Stack size unknown bytes, _printf_percent_end.o(.ARM.Collect$$_printf_percent$$00000017))

<P><STRONG><a name="[4d]"></a>__rt_lib_init</STRONG> (Thumb, 0 bytes, Stack size unknown bytes, libinit.o(.ARM.Collect$$libinit$$00000000))
<BR><BR>[Called By]<UL><LI><a href="#[4c]">&gt;&gt;</a>&nbsp;&nbsp;&nbsp;__rt_entry_li
</UL>

<P><STRONG><a name="[d6]"></a>__rt_lib_init_fp_1</STRONG> (Thumb, 0 bytes, Stack size unknown bytes, libinit2.o(.ARM.Collect$$libinit$$00000002))

<P><STRONG><a name="[d7]"></a>__rt_lib_init_heap_1</STRONG> (Thumb, 0 bytes, Stack size unknown bytes, libinit2.o(.ARM.Collect$$libinit$$0000000A))

<P><STRONG><a name="[47]"></a>__rt_lib_init_lc_common</STRONG> (Thumb, 0 bytes, Stack size unknown bytes, libinit2.o(.ARM.Collect$$libinit$$0000000F))
<BR><BR>[Calls]<UL><LI><a href="#[48]">&gt;&gt;</a>&nbsp;&nbsp;&nbsp;__rt_locale
</UL>

<P><STRONG><a name="[d8]"></a>__rt_lib_init_preinit_1</STRONG> (Thumb, 0 bytes, Stack size unknown bytes, libinit2.o(.ARM.Collect$$libinit$$00000004))

<P><STRONG><a name="[d9]"></a>__rt_lib_init_rand_1</STRONG> (Thumb, 0 bytes, Stack size unknown bytes, libinit2.o(.ARM.Collect$$libinit$$0000000E))

<P><STRONG><a name="[da]"></a>__rt_lib_init_user_alloc_1</STRONG> (Thumb, 0 bytes, Stack size unknown bytes, libinit2.o(.ARM.Collect$$libinit$$0000000C))

<P><STRONG><a name="[db]"></a>__rt_lib_init_lc_collate_1</STRONG> (Thumb, 0 bytes, Stack size unknown bytes, libinit2.o(.ARM.Collect$$libinit$$00000011))

<P><STRONG><a name="[49]"></a>__rt_lib_init_lc_ctype_2</STRONG> (Thumb, 0 bytes, Stack size unknown bytes, libinit2.o(.ARM.Collect$$libinit$$00000012))
<BR><BR>[Stack]<UL><LI>Max Depth = 8 + Unknown Stack Size
<LI>Call Chain = __rt_lib_init_lc_ctype_2 &rArr; _get_lc_ctype
</UL>
<BR>[Calls]<UL><LI><a href="#[3c]">&gt;&gt;</a>&nbsp;&nbsp;&nbsp;_get_lc_ctype
</UL>

<P><STRONG><a name="[dc]"></a>__rt_lib_init_alloca_1</STRONG> (Thumb, 0 bytes, Stack size unknown bytes, libinit2.o(.ARM.Collect$$libinit$$0000002E))

<P><STRONG><a name="[dd]"></a>__rt_lib_init_argv_1</STRONG> (Thumb, 0 bytes, Stack size unknown bytes, libinit2.o(.ARM.Collect$$libinit$$0000002C))

<P><STRONG><a name="[de]"></a>__rt_lib_init_atexit_1</STRONG> (Thumb, 0 bytes, Stack size unknown bytes, libinit2.o(.ARM.Collect$$libinit$$0000001B))

<P><STRONG><a name="[df]"></a>__rt_lib_init_clock_1</STRONG> (Thumb, 0 bytes, Stack size unknown bytes, libinit2.o(.ARM.Collect$$libinit$$00000021))

<P><STRONG><a name="[e0]"></a>__rt_lib_init_cpp_1</STRONG> (Thumb, 0 bytes, Stack size unknown bytes, libinit2.o(.ARM.Collect$$libinit$$00000032))

<P><STRONG><a name="[e1]"></a>__rt_lib_init_exceptions_1</STRONG> (Thumb, 0 bytes, Stack size unknown bytes, libinit2.o(.ARM.Collect$$libinit$$00000030))

<P><STRONG><a name="[e2]"></a>__rt_lib_init_fp_trap_1</STRONG> (Thumb, 0 bytes, Stack size unknown bytes, libinit2.o(.ARM.Collect$$libinit$$0000001F))

<P><STRONG><a name="[e3]"></a>__rt_lib_init_getenv_1</STRONG> (Thumb, 0 bytes, Stack size unknown bytes, libinit2.o(.ARM.Collect$$libinit$$00000023))

<P><STRONG><a name="[e4]"></a>__rt_lib_init_lc_ctype_1</STRONG> (Thumb, 0 bytes, Stack size unknown bytes, libinit2.o(.ARM.Collect$$libinit$$00000013))

<P><STRONG><a name="[e5]"></a>__rt_lib_init_lc_monetary_1</STRONG> (Thumb, 0 bytes, Stack size unknown bytes, libinit2.o(.ARM.Collect$$libinit$$00000015))

<P><STRONG><a name="[e6]"></a>__rt_lib_init_lc_numeric_1</STRONG> (Thumb, 0 bytes, Stack size unknown bytes, libinit2.o(.ARM.Collect$$libinit$$00000017))

<P><STRONG><a name="[e7]"></a>__rt_lib_init_lc_time_1</STRONG> (Thumb, 0 bytes, Stack size unknown bytes, libinit2.o(.ARM.Collect$$libinit$$00000019))

<P><STRONG><a name="[e8]"></a>__rt_lib_init_return</STRONG> (Thumb, 0 bytes, Stack size unknown bytes, libinit2.o(.ARM.Collect$$libinit$$00000033))

<P><STRONG><a name="[e9]"></a>__rt_lib_init_signal_1</STRONG> (Thumb, 0 bytes, Stack size unknown bytes, libinit2.o(.ARM.Collect$$libinit$$0000001D))

<P><STRONG><a name="[ea]"></a>__rt_lib_init_stdio_1</STRONG> (Thumb, 0 bytes, Stack size unknown bytes, libinit2.o(.ARM.Collect$$libinit$$00000025))

<P><STRONG><a name="[52]"></a>__rt_lib_shutdown</STRONG> (Thumb, 0 bytes, Stack size unknown bytes, libshutdown.o(.ARM.Collect$$libshutdown$$00000000))
<BR><BR>[Called By]<UL><LI><a href="#[51]">&gt;&gt;</a>&nbsp;&nbsp;&nbsp;__rt_exit_ls
</UL>

<P><STRONG><a name="[eb]"></a>__rt_lib_shutdown_cpp_1</STRONG> (Thumb, 0 bytes, Stack size unknown bytes, libshutdown2.o(.ARM.Collect$$libshutdown$$00000002))

<P><STRONG><a name="[ec]"></a>__rt_lib_shutdown_fp_trap_1</STRONG> (Thumb, 0 bytes, Stack size unknown bytes, libshutdown2.o(.ARM.Collect$$libshutdown$$00000007))

<P><STRONG><a name="[ed]"></a>__rt_lib_shutdown_heap_1</STRONG> (Thumb, 0 bytes, Stack size unknown bytes, libshutdown2.o(.ARM.Collect$$libshutdown$$0000000F))

<P><STRONG><a name="[ee]"></a>__rt_lib_shutdown_return</STRONG> (Thumb, 0 bytes, Stack size unknown bytes, libshutdown2.o(.ARM.Collect$$libshutdown$$00000010))

<P><STRONG><a name="[ef]"></a>__rt_lib_shutdown_signal_1</STRONG> (Thumb, 0 bytes, Stack size unknown bytes, libshutdown2.o(.ARM.Collect$$libshutdown$$0000000A))

<P><STRONG><a name="[f0]"></a>__rt_lib_shutdown_stdio_1</STRONG> (Thumb, 0 bytes, Stack size unknown bytes, libshutdown2.o(.ARM.Collect$$libshutdown$$00000004))

<P><STRONG><a name="[f1]"></a>__rt_lib_shutdown_user_alloc_1</STRONG> (Thumb, 0 bytes, Stack size unknown bytes, libshutdown2.o(.ARM.Collect$$libshutdown$$0000000C))

<P><STRONG><a name="[40]"></a>__rt_entry</STRONG> (Thumb, 0 bytes, Stack size unknown bytes, __rtentry.o(.ARM.Collect$$rtentry$$00000000))
<BR><BR>[Called By]<UL><LI><a href="#[41]">&gt;&gt;</a>&nbsp;&nbsp;&nbsp;__scatterload_rt2
<LI><a href="#[3e]">&gt;&gt;</a>&nbsp;&nbsp;&nbsp;__main
</UL>

<P><STRONG><a name="[f2]"></a>__rt_entry_presh_1</STRONG> (Thumb, 0 bytes, Stack size unknown bytes, __rtentry2.o(.ARM.Collect$$rtentry$$00000002))

<P><STRONG><a name="[4a]"></a>__rt_entry_sh</STRONG> (Thumb, 0 bytes, Stack size unknown bytes, __rtentry4.o(.ARM.Collect$$rtentry$$00000004))
<BR><BR>[Stack]<UL><LI>Max Depth = 8 + Unknown Stack Size
<LI>Call Chain = __rt_entry_sh &rArr; __user_setup_stackheap
</UL>
<BR>[Calls]<UL><LI><a href="#[4b]">&gt;&gt;</a>&nbsp;&nbsp;&nbsp;__user_setup_stackheap
</UL>

<P><STRONG><a name="[4c]"></a>__rt_entry_li</STRONG> (Thumb, 0 bytes, Stack size unknown bytes, __rtentry2.o(.ARM.Collect$$rtentry$$0000000A))
<BR><BR>[Calls]<UL><LI><a href="#[4d]">&gt;&gt;</a>&nbsp;&nbsp;&nbsp;__rt_lib_init
</UL>

<P><STRONG><a name="[f3]"></a>__rt_entry_postsh_1</STRONG> (Thumb, 0 bytes, Stack size unknown bytes, __rtentry2.o(.ARM.Collect$$rtentry$$00000009))

<P><STRONG><a name="[4e]"></a>__rt_entry_main</STRONG> (Thumb, 0 bytes, Stack size unknown bytes, __rtentry2.o(.ARM.Collect$$rtentry$$0000000D))
<BR><BR>[Stack]<UL><LI>Max Depth = 392 + Unknown Stack Size
<LI>Call Chain = __rt_entry_main &rArr; main &rArr; OLED_ShowPinEntry &rArr; OLED_ShowText &rArr; ssd1306_UpdateScreen &rArr; ssd1306_WriteCommand &rArr; HAL_I2C_Mem_Write &rArr; I2C_RequestMemoryWrite &rArr; I2C_WaitOnMasterAddressFlagUntilTimeout
</UL>
<BR>[Calls]<UL><LI><a href="#[4f]">&gt;&gt;</a>&nbsp;&nbsp;&nbsp;main
<LI><a href="#[50]">&gt;&gt;</a>&nbsp;&nbsp;&nbsp;exit
</UL>

<P><STRONG><a name="[f4]"></a>__rt_entry_postli_1</STRONG> (Thumb, 0 bytes, Stack size unknown bytes, __rtentry2.o(.ARM.Collect$$rtentry$$0000000C))

<P><STRONG><a name="[6a]"></a>__rt_exit</STRONG> (Thumb, 0 bytes, Stack size unknown bytes, rtexit.o(.ARM.Collect$$rtexit$$00000000))
<BR><BR>[Called By]<UL><LI><a href="#[50]">&gt;&gt;</a>&nbsp;&nbsp;&nbsp;exit
</UL>

<P><STRONG><a name="[51]"></a>__rt_exit_ls</STRONG> (Thumb, 0 bytes, Stack size unknown bytes, rtexit2.o(.ARM.Collect$$rtexit$$00000003))
<BR><BR>[Calls]<UL><LI><a href="#[52]">&gt;&gt;</a>&nbsp;&nbsp;&nbsp;__rt_lib_shutdown
</UL>

<P><STRONG><a name="[f5]"></a>__rt_exit_prels_1</STRONG> (Thumb, 0 bytes, Stack size unknown bytes, rtexit2.o(.ARM.Collect$$rtexit$$00000002))

<P><STRONG><a name="[53]"></a>__rt_exit_exit</STRONG> (Thumb, 0 bytes, Stack size unknown bytes, rtexit2.o(.ARM.Collect$$rtexit$$00000004))
<BR><BR>[Calls]<UL><LI><a href="#[54]">&gt;&gt;</a>&nbsp;&nbsp;&nbsp;_sys_exit
</UL>

<P><STRONG><a name="[3]"></a>Reset_Handler</STRONG> (Thumb, 8 bytes, Stack size 0 bytes, startup_stm32f103xb.o(.text))
<BR>[Address Reference Count : 1]<UL><LI> startup_stm32f103xb.o(RESET)
</UL>
<P><STRONG><a name="[1f]"></a>ADC1_2_IRQHandler</STRONG> (Thumb, 0 bytes, Stack size 0 bytes, startup_stm32f103xb.o(.text))
<BR><BR>[Calls]<UL><LI><a href="#[1f]">&gt;&gt;</a>&nbsp;&nbsp;&nbsp;ADC1_2_IRQHandler
</UL>
<BR>[Called By]<UL><LI><a href="#[1f]">&gt;&gt;</a>&nbsp;&nbsp;&nbsp;ADC1_2_IRQHandler
</UL>
<BR>[Address Reference Count : 1]<UL><LI> startup_stm32f103xb.o(RESET)
</UL>
<P><STRONG><a name="[22]"></a>CAN1_RX1_IRQHandler</STRONG> (Thumb, 0 bytes, Stack size 0 bytes, startup_stm32f103xb.o(.text))
<BR>[Address Reference Count : 1]<UL><LI> startup_stm32f103xb.o(RESET)
</UL>
<P><STRONG><a name="[23]"></a>CAN1_SCE_IRQHandler</STRONG> (Thumb, 0 bytes, Stack size 0 bytes, startup_stm32f103xb.o(.text))
<BR>[Address Reference Count : 1]<UL><LI> startup_stm32f103xb.o(RESET)
</UL>
<P><STRONG><a name="[18]"></a>DMA1_Channel1_IRQHandler</STRONG> (Thumb, 0 bytes, Stack size 0 bytes, startup_stm32f103xb.o(.text))
<BR>[Address Reference Count : 1]<UL><LI> startup_stm32f103xb.o(RESET)
</UL>
<P><STRONG><a name="[19]"></a>DMA1_Channel2_IRQHandler</STRONG> (Thumb, 0 bytes, Stack size 0 bytes, startup_stm32f103xb.o(.text))
<BR>[Address Reference Count : 1]<UL><LI> startup_stm32f103xb.o(RESET)
</UL>
<P><STRONG><a name="[1a]"></a>DMA1_Channel3_IRQHandler</STRONG> (Thumb, 0 bytes, Stack size 0 bytes, startup_stm32f103xb.o(.text))
<BR>[Address Reference Count : 1]<UL><LI> startup_stm32f103xb.o(RESET)
</UL>
<P><STRONG><a name="[1b]"></a>DMA1_Channel4_IRQHandler</STRONG> (Thumb, 0 bytes, Stack size 0 bytes, startup_stm32f103xb.o(.text))
<BR>[Address Reference Count : 1]<UL><LI> startup_stm32f103xb.o(RESET)
</UL>
<P><STRONG><a name="[1c]"></a>DMA1_Channel5_IRQHandler</STRONG> (Thumb, 0 bytes, Stack size 0 bytes, startup_stm32f103xb.o(.text))
<BR>[Address Reference Count : 1]<UL><LI> startup_stm32f103xb.o(RESET)
</UL>
<P><STRONG><a name="[1d]"></a>DMA1_Channel6_IRQHandler</STRONG> (Thumb, 0 bytes, Stack size 0 bytes, startup_stm32f103xb.o(.text))
<BR>[Address Reference Count : 1]<UL><LI> startup_stm32f103xb.o(RESET)
</UL>
<P><STRONG><a name="[1e]"></a>DMA1_Channel7_IRQHandler</STRONG> (Thumb, 0 bytes, Stack size 0 bytes, startup_stm32f103xb.o(.text))
<BR>[Address Reference Count : 1]<UL><LI> startup_stm32f103xb.o(RESET)
</UL>
<P><STRONG><a name="[13]"></a>EXTI0_IRQHandler</STRONG> (Thumb, 0 bytes, Stack size 0 bytes, startup_stm32f103xb.o(.text))
<BR>[Address Reference Count : 1]<UL><LI> startup_stm32f103xb.o(RESET)
</UL>
<P><STRONG><a name="[15]"></a>EXTI2_IRQHandler</STRONG> (Thumb, 0 bytes, Stack size 0 bytes, startup_stm32f103xb.o(.text))
<BR>[Address Reference Count : 1]<UL><LI> startup_stm32f103xb.o(RESET)
</UL>
<P><STRONG><a name="[16]"></a>EXTI3_IRQHandler</STRONG> (Thumb, 0 bytes, Stack size 0 bytes, startup_stm32f103xb.o(.text))
<BR>[Address Reference Count : 1]<UL><LI> startup_stm32f103xb.o(RESET)
</UL>
<P><STRONG><a name="[17]"></a>EXTI4_IRQHandler</STRONG> (Thumb, 0 bytes, Stack size 0 bytes, startup_stm32f103xb.o(.text))
<BR>[Address Reference Count : 1]<UL><LI> startup_stm32f103xb.o(RESET)
</UL>
<P><STRONG><a name="[11]"></a>FLASH_IRQHandler</STRONG> (Thumb, 0 bytes, Stack size 0 bytes, startup_stm32f103xb.o(.text))
<BR>[Address Reference Count : 1]<UL><LI> startup_stm32f103xb.o(RESET)
</UL>
<P><STRONG><a name="[2d]"></a>I2C1_ER_IRQHandler</STRONG> (Thumb, 0 bytes, Stack size 0 bytes, startup_stm32f103xb.o(.text))
<BR>[Address Reference Count : 1]<UL><LI> startup_stm32f103xb.o(RESET)
</UL>
<P><STRONG><a name="[2c]"></a>I2C1_EV_IRQHandler</STRONG> (Thumb, 0 bytes, Stack size 0 bytes, startup_stm32f103xb.o(.text))
<BR>[Address Reference Count : 1]<UL><LI> startup_stm32f103xb.o(RESET)
</UL>
<P><STRONG><a name="[2f]"></a>I2C2_ER_IRQHandler</STRONG> (Thumb, 0 bytes, Stack size 0 bytes, startup_stm32f103xb.o(.text))
<BR>[Address Reference Count : 1]<UL><LI> startup_stm32f103xb.o(RESET)
</UL>
<P><STRONG><a name="[2e]"></a>I2C2_EV_IRQHandler</STRONG> (Thumb, 0 bytes, Stack size 0 bytes, startup_stm32f103xb.o(.text))
<BR>[Address Reference Count : 1]<UL><LI> startup_stm32f103xb.o(RESET)
</UL>
<P><STRONG><a name="[e]"></a>PVD_IRQHandler</STRONG> (Thumb, 0 bytes, Stack size 0 bytes, startup_stm32f103xb.o(.text))
<BR>[Address Reference Count : 1]<UL><LI> startup_stm32f103xb.o(RESET)
</UL>
<P><STRONG><a name="[12]"></a>RCC_IRQHandler</STRONG> (Thumb, 0 bytes, Stack size 0 bytes, startup_stm32f103xb.o(.text))
<BR>[Address Reference Count : 1]<UL><LI> startup_stm32f103xb.o(RESET)
</UL>
<P><STRONG><a name="[36]"></a>RTC_Alarm_IRQHandler</STRONG> (Thumb, 0 bytes, Stack size 0 bytes, startup_stm32f103xb.o(.text))
<BR>[Address Reference Count : 1]<UL><LI> startup_stm32f103xb.o(RESET)
</UL>
<P><STRONG><a name="[10]"></a>RTC_IRQHandler</STRONG> (Thumb, 0 bytes, Stack size 0 bytes, startup_stm32f103xb.o(.text))
<BR>[Address Reference Count : 1]<UL><LI> startup_stm32f103xb.o(RESET)
</UL>
<P><STRONG><a name="[30]"></a>SPI1_IRQHandler</STRONG> (Thumb, 0 bytes, Stack size 0 bytes, startup_stm32f103xb.o(.text))
<BR>[Address Reference Count : 1]<UL><LI> startup_stm32f103xb.o(RESET)
</UL>
<P><STRONG><a name="[31]"></a>SPI2_IRQHandler</STRONG> (Thumb, 0 bytes, Stack size 0 bytes, startup_stm32f103xb.o(.text))
<BR>[Address Reference Count : 1]<UL><LI> startup_stm32f103xb.o(RESET)
</UL>
<P><STRONG><a name="[f]"></a>TAMPER_IRQHandler</STRONG> (Thumb, 0 bytes, Stack size 0 bytes, startup_stm32f103xb.o(.text))
<BR>[Address Reference Count : 1]<UL><LI> startup_stm32f103xb.o(RESET)
</UL>
<P><STRONG><a name="[25]"></a>TIM1_BRK_IRQHandler</STRONG> (Thumb, 0 bytes, Stack size 0 bytes, startup_stm32f103xb.o(.text))
<BR>[Address Reference Count : 1]<UL><LI> startup_stm32f103xb.o(RESET)
</UL>
<P><STRONG><a name="[28]"></a>TIM1_CC_IRQHandler</STRONG> (Thumb, 0 bytes, Stack size 0 bytes, startup_stm32f103xb.o(.text))
<BR>[Address Reference Count : 1]<UL><LI> startup_stm32f103xb.o(RESET)
</UL>
<P><STRONG><a name="[27]"></a>TIM1_TRG_COM_IRQHandler</STRONG> (Thumb, 0 bytes, Stack size 0 bytes, startup_stm32f103xb.o(.text))
<BR>[Address Reference Count : 1]<UL><LI> startup_stm32f103xb.o(RESET)
</UL>
<P><STRONG><a name="[26]"></a>TIM1_UP_IRQHandler</STRONG> (Thumb, 0 bytes, Stack size 0 bytes, startup_stm32f103xb.o(.text))
<BR>[Address Reference Count : 1]<UL><LI> startup_stm32f103xb.o(RESET)
</UL>
<P><STRONG><a name="[29]"></a>TIM2_IRQHandler</STRONG> (Thumb, 0 bytes, Stack size 0 bytes, startup_stm32f103xb.o(.text))
<BR>[Address Reference Count : 1]<UL><LI> startup_stm32f103xb.o(RESET)
</UL>
<P><STRONG><a name="[2a]"></a>TIM3_IRQHandler</STRONG> (Thumb, 0 bytes, Stack size 0 bytes, startup_stm32f103xb.o(.text))
<BR>[Address Reference Count : 1]<UL><LI> startup_stm32f103xb.o(RESET)
</UL>
<P><STRONG><a name="[2b]"></a>TIM4_IRQHandler</STRONG> (Thumb, 0 bytes, Stack size 0 bytes, startup_stm32f103xb.o(.text))
<BR>[Address Reference Count : 1]<UL><LI> startup_stm32f103xb.o(RESET)
</UL>
<P><STRONG><a name="[33]"></a>USART2_IRQHandler</STRONG> (Thumb, 0 bytes, Stack size 0 bytes, startup_stm32f103xb.o(.text))
<BR>[Address Reference Count : 1]<UL><LI> startup_stm32f103xb.o(RESET)
</UL>
<P><STRONG><a name="[37]"></a>USBWakeUp_IRQHandler</STRONG> (Thumb, 0 bytes, Stack size 0 bytes, startup_stm32f103xb.o(.text))
<BR>[Address Reference Count : 1]<UL><LI> startup_stm32f103xb.o(RESET)
</UL>
<P><STRONG><a name="[20]"></a>USB_HP_CAN1_TX_IRQHandler</STRONG> (Thumb, 0 bytes, Stack size 0 bytes, startup_stm32f103xb.o(.text))
<BR>[Address Reference Count : 1]<UL><LI> startup_stm32f103xb.o(RESET)
</UL>
<P><STRONG><a name="[21]"></a>USB_LP_CAN1_RX0_IRQHandler</STRONG> (Thumb, 0 bytes, Stack size 0 bytes, startup_stm32f103xb.o(.text))
<BR>[Address Reference Count : 1]<UL><LI> startup_stm32f103xb.o(RESET)
</UL>
<P><STRONG><a name="[d]"></a>WWDG_IRQHandler</STRONG> (Thumb, 0 bytes, Stack size 0 bytes, startup_stm32f103xb.o(.text))
<BR>[Address Reference Count : 1]<UL><LI> startup_stm32f103xb.o(RESET)
</UL>
<P><STRONG><a name="[69]"></a>__user_initial_stackheap</STRONG> (Thumb, 0 bytes, Stack size unknown bytes, startup_stm32f103xb.o(.text))
<BR><BR>[Called By]<UL><LI><a href="#[4b]">&gt;&gt;</a>&nbsp;&nbsp;&nbsp;__user_setup_stackheap
</UL>

<P><STRONG><a name="[8c]"></a>__aeabi_llsr</STRONG> (Thumb, 0 bytes, Stack size 0 bytes, llushr.o(.text))
<BR><BR>[Called By]<UL><LI><a href="#[8b]">&gt;&gt;</a>&nbsp;&nbsp;&nbsp;HAL_FLASH_Program
</UL>

<P><STRONG><a name="[f6]"></a>_ll_ushift_r</STRONG> (Thumb, 38 bytes, Stack size 0 bytes, llushr.o(.text), UNUSED)

<P><STRONG><a name="[55]"></a>__2snprintf</STRONG> (Thumb, 48 bytes, Stack size 32 bytes, noretval__2snprintf.o(.text))
<BR><BR>[Stack]<UL><LI>Max Depth = 120 + Unknown Stack Size
<LI>Call Chain = __2snprintf &rArr; _printf_char_common &rArr; __printf
</UL>
<BR>[Calls]<UL><LI><a href="#[57]">&gt;&gt;</a>&nbsp;&nbsp;&nbsp;_sputc
<LI><a href="#[56]">&gt;&gt;</a>&nbsp;&nbsp;&nbsp;_printf_char_common
</UL>
<BR>[Called By]<UL><LI><a href="#[4f]">&gt;&gt;</a>&nbsp;&nbsp;&nbsp;main
<LI><a href="#[c0]">&gt;&gt;</a>&nbsp;&nbsp;&nbsp;ProcessUARTCommand
<LI><a href="#[bd]">&gt;&gt;</a>&nbsp;&nbsp;&nbsp;OLED_ShowPinEntry
<LI><a href="#[bc]">&gt;&gt;</a>&nbsp;&nbsp;&nbsp;OLED_ShowOTPEntry
</UL>

<P><STRONG><a name="[58]"></a>__printf</STRONG> (Thumb, 104 bytes, Stack size 24 bytes, __printf.o(.text))
<BR><BR>[Stack]<UL><LI>Max Depth = 24 + Unknown Stack Size
<LI>Call Chain = __printf
</UL>
<BR>[Calls]<UL><LI><a href="#[59]">&gt;&gt;</a>&nbsp;&nbsp;&nbsp;_printf_percent
</UL>
<BR>[Called By]<UL><LI><a href="#[56]">&gt;&gt;</a>&nbsp;&nbsp;&nbsp;_printf_char_common
</UL>

<P><STRONG><a name="[63]"></a>_printf_str</STRONG> (Thumb, 82 bytes, Stack size 16 bytes, _printf_str.o(.text))
<BR><BR>[Stack]<UL><LI>Max Depth = 16<LI>Call Chain = _printf_str
</UL>
<BR>[Called By]<UL><LI><a href="#[62]">&gt;&gt;</a>&nbsp;&nbsp;&nbsp;_printf_cs_common
</UL>

<P><STRONG><a name="[44]"></a>_printf_int_dec</STRONG> (Thumb, 104 bytes, Stack size 24 bytes, _printf_dec.o(.text))
<BR><BR>[Stack]<UL><LI>Max Depth = 56<LI>Call Chain = _printf_int_dec &rArr; _printf_int_common
</UL>
<BR>[Calls]<UL><LI><a href="#[5a]">&gt;&gt;</a>&nbsp;&nbsp;&nbsp;_printf_int_common
</UL>
<BR>[Called By]<UL><LI><a href="#[43]">&gt;&gt;</a>&nbsp;&nbsp;&nbsp;_printf_d
</UL>

<P><STRONG><a name="[5b]"></a>atoi</STRONG> (Thumb, 26 bytes, Stack size 16 bytes, atoi.o(.text))
<BR><BR>[Stack]<UL><LI>Max Depth = 88<LI>Call Chain = atoi &rArr; strtol &rArr; _strtoul
</UL>
<BR>[Calls]<UL><LI><a href="#[5d]">&gt;&gt;</a>&nbsp;&nbsp;&nbsp;strtol
<LI><a href="#[5c]">&gt;&gt;</a>&nbsp;&nbsp;&nbsp;__aeabi_errno_addr
</UL>
<BR>[Called By]<UL><LI><a href="#[c0]">&gt;&gt;</a>&nbsp;&nbsp;&nbsp;ProcessUARTCommand
</UL>

<P><STRONG><a name="[c1]"></a>strstr</STRONG> (Thumb, 36 bytes, Stack size 12 bytes, strstr.o(.text))
<BR><BR>[Stack]<UL><LI>Max Depth = 12<LI>Call Chain = strstr
</UL>
<BR>[Called By]<UL><LI><a href="#[4f]">&gt;&gt;</a>&nbsp;&nbsp;&nbsp;main
<LI><a href="#[c0]">&gt;&gt;</a>&nbsp;&nbsp;&nbsp;ProcessUARTCommand
</UL>

<P><STRONG><a name="[b3]"></a>strcpy</STRONG> (Thumb, 72 bytes, Stack size 12 bytes, strcpy.o(.text))
<BR><BR>[Stack]<UL><LI>Max Depth = 12<LI>Call Chain = strcpy
</UL>
<BR>[Called By]<UL><LI><a href="#[b2]">&gt;&gt;</a>&nbsp;&nbsp;&nbsp;HAL_UART_RxCpltCallback
</UL>

<P><STRONG><a name="[c7]"></a>strlen</STRONG> (Thumb, 62 bytes, Stack size 8 bytes, strlen.o(.text))
<BR><BR>[Stack]<UL><LI>Max Depth = 8<LI>Call Chain = strlen
</UL>
<BR>[Called By]<UL><LI><a href="#[90]">&gt;&gt;</a>&nbsp;&nbsp;&nbsp;UART_SendString
</UL>

<P><STRONG><a name="[72]"></a>__aeabi_memcpy</STRONG> (Thumb, 0 bytes, Stack size 0 bytes, rt_memcpy_v6.o(.text))
<BR><BR>[Called By]<UL><LI><a href="#[6c]">&gt;&gt;</a>&nbsp;&nbsp;&nbsp;AS608_SendCmd
<LI><a href="#[6d]">&gt;&gt;</a>&nbsp;&nbsp;&nbsp;AS608_RecvAck
</UL>

<P><STRONG><a name="[5e]"></a>__rt_memcpy</STRONG> (Thumb, 138 bytes, Stack size 0 bytes, rt_memcpy_v6.o(.text), UNUSED)
<BR><BR>[Calls]<UL><LI><a href="#[5f]">&gt;&gt;</a>&nbsp;&nbsp;&nbsp;__aeabi_memcpy4
</UL>

<P><STRONG><a name="[f7]"></a>_memcpy_lastbytes</STRONG> (Thumb, 0 bytes, Stack size unknown bytes, rt_memcpy_v6.o(.text), UNUSED)

<P><STRONG><a name="[70]"></a>__aeabi_memclr</STRONG> (Thumb, 0 bytes, Stack size 0 bytes, rt_memclr.o(.text))
<BR><BR>[Called By]<UL><LI><a href="#[6d]">&gt;&gt;</a>&nbsp;&nbsp;&nbsp;AS608_RecvAck
<LI><a href="#[4f]">&gt;&gt;</a>&nbsp;&nbsp;&nbsp;main
<LI><a href="#[c9]">&gt;&gt;</a>&nbsp;&nbsp;&nbsp;WakeupFromSleep
</UL>

<P><STRONG><a name="[60]"></a>__rt_memclr</STRONG> (Thumb, 68 bytes, Stack size 0 bytes, rt_memclr.o(.text), UNUSED)
<BR><BR>[Calls]<UL><LI><a href="#[61]">&gt;&gt;</a>&nbsp;&nbsp;&nbsp;_memset_w
</UL>

<P><STRONG><a name="[f8]"></a>_memset</STRONG> (Thumb, 0 bytes, Stack size unknown bytes, rt_memclr.o(.text), UNUSED)

<P><STRONG><a name="[c4]"></a>__aeabi_memclr4</STRONG> (Thumb, 0 bytes, Stack size 4 bytes, rt_memclr_w.o(.text))
<BR><BR>[Stack]<UL><LI>Max Depth = 4<LI>Call Chain = __aeabi_memclr4
</UL>
<BR>[Called By]<UL><LI><a href="#[4f]">&gt;&gt;</a>&nbsp;&nbsp;&nbsp;main
<LI><a href="#[c9]">&gt;&gt;</a>&nbsp;&nbsp;&nbsp;WakeupFromSleep
<LI><a href="#[c6]">&gt;&gt;</a>&nbsp;&nbsp;&nbsp;SystemClock_Config
<LI><a href="#[c3]">&gt;&gt;</a>&nbsp;&nbsp;&nbsp;ResetToMenu
</UL>

<P><STRONG><a name="[f9]"></a>__aeabi_memclr8</STRONG> (Thumb, 0 bytes, Stack size 4 bytes, rt_memclr_w.o(.text), UNUSED)

<P><STRONG><a name="[fa]"></a>__rt_memclr_w</STRONG> (Thumb, 78 bytes, Stack size 4 bytes, rt_memclr_w.o(.text), UNUSED)

<P><STRONG><a name="[61]"></a>_memset_w</STRONG> (Thumb, 0 bytes, Stack size unknown bytes, rt_memclr_w.o(.text), UNUSED)
<BR><BR>[Called By]<UL><LI><a href="#[60]">&gt;&gt;</a>&nbsp;&nbsp;&nbsp;__rt_memclr
</UL>

<P><STRONG><a name="[fb]"></a>__use_two_region_memory</STRONG> (Thumb, 2 bytes, Stack size 0 bytes, heapauxi.o(.text), UNUSED)

<P><STRONG><a name="[fc]"></a>__rt_heap_escrow$2region</STRONG> (Thumb, 2 bytes, Stack size 0 bytes, heapauxi.o(.text), UNUSED)

<P><STRONG><a name="[fd]"></a>__rt_heap_expand$2region</STRONG> (Thumb, 2 bytes, Stack size 0 bytes, heapauxi.o(.text), UNUSED)

<P><STRONG><a name="[5c]"></a>__aeabi_errno_addr</STRONG> (Thumb, 8 bytes, Stack size 0 bytes, rt_errno_addr_intlibspace.o(.text))
<BR><BR>[Called By]<UL><LI><a href="#[66]">&gt;&gt;</a>&nbsp;&nbsp;&nbsp;_strtoul
<LI><a href="#[5d]">&gt;&gt;</a>&nbsp;&nbsp;&nbsp;strtol
<LI><a href="#[5b]">&gt;&gt;</a>&nbsp;&nbsp;&nbsp;atoi
</UL>

<P><STRONG><a name="[fe]"></a>__errno$intlibspace</STRONG> (Thumb, 0 bytes, Stack size 0 bytes, rt_errno_addr_intlibspace.o(.text), UNUSED)

<P><STRONG><a name="[ff]"></a>__rt_errno_addr$intlibspace</STRONG> (Thumb, 0 bytes, Stack size 0 bytes, rt_errno_addr_intlibspace.o(.text), UNUSED)

<P><STRONG><a name="[5a]"></a>_printf_int_common</STRONG> (Thumb, 178 bytes, Stack size 32 bytes, _printf_intcommon.o(.text))
<BR><BR>[Stack]<UL><LI>Max Depth = 32<LI>Call Chain = _printf_int_common
</UL>
<BR>[Called By]<UL><LI><a href="#[44]">&gt;&gt;</a>&nbsp;&nbsp;&nbsp;_printf_int_dec
</UL>

<P><STRONG><a name="[56]"></a>_printf_char_common</STRONG> (Thumb, 32 bytes, Stack size 64 bytes, _printf_char_common.o(.text))
<BR><BR>[Stack]<UL><LI>Max Depth = 88 + Unknown Stack Size
<LI>Call Chain = _printf_char_common &rArr; __printf
</UL>
<BR>[Calls]<UL><LI><a href="#[58]">&gt;&gt;</a>&nbsp;&nbsp;&nbsp;__printf
</UL>
<BR>[Called By]<UL><LI><a href="#[55]">&gt;&gt;</a>&nbsp;&nbsp;&nbsp;__2snprintf
</UL>

<P><STRONG><a name="[57]"></a>_sputc</STRONG> (Thumb, 10 bytes, Stack size 0 bytes, _sputc.o(.text))
<BR><BR>[Called By]<UL><LI><a href="#[55]">&gt;&gt;</a>&nbsp;&nbsp;&nbsp;__2snprintf
</UL>

<P><STRONG><a name="[3a]"></a>_snputc</STRONG> (Thumb, 16 bytes, Stack size 0 bytes, _snputc.o(.text))
<BR>[Address Reference Count : 1]<UL><LI> noretval__2snprintf.o(.text)
</UL>
<P><STRONG><a name="[62]"></a>_printf_cs_common</STRONG> (Thumb, 20 bytes, Stack size 8 bytes, _printf_char.o(.text))
<BR><BR>[Stack]<UL><LI>Max Depth = 24<LI>Call Chain = _printf_cs_common &rArr; _printf_str
</UL>
<BR>[Calls]<UL><LI><a href="#[63]">&gt;&gt;</a>&nbsp;&nbsp;&nbsp;_printf_str
</UL>
<BR>[Called By]<UL><LI><a href="#[46]">&gt;&gt;</a>&nbsp;&nbsp;&nbsp;_printf_string
<LI><a href="#[64]">&gt;&gt;</a>&nbsp;&nbsp;&nbsp;_printf_char
</UL>

<P><STRONG><a name="[64]"></a>_printf_char</STRONG> (Thumb, 16 bytes, Stack size 0 bytes, _printf_char.o(.text), UNUSED)
<BR><BR>[Calls]<UL><LI><a href="#[62]">&gt;&gt;</a>&nbsp;&nbsp;&nbsp;_printf_cs_common
</UL>

<P><STRONG><a name="[46]"></a>_printf_string</STRONG> (Thumb, 8 bytes, Stack size 0 bytes, _printf_char.o(.text))
<BR><BR>[Stack]<UL><LI>Max Depth = 24<LI>Call Chain = _printf_string &rArr; _printf_cs_common &rArr; _printf_str
</UL>
<BR>[Calls]<UL><LI><a href="#[62]">&gt;&gt;</a>&nbsp;&nbsp;&nbsp;_printf_cs_common
</UL>
<BR>[Called By]<UL><LI><a href="#[45]">&gt;&gt;</a>&nbsp;&nbsp;&nbsp;_printf_s
</UL>

<P><STRONG><a name="[5d]"></a>strtol</STRONG> (Thumb, 112 bytes, Stack size 32 bytes, strtol.o(.text))
<BR><BR>[Stack]<UL><LI>Max Depth = 72<LI>Call Chain = strtol &rArr; _strtoul
</UL>
<BR>[Calls]<UL><LI><a href="#[66]">&gt;&gt;</a>&nbsp;&nbsp;&nbsp;_strtoul
<LI><a href="#[65]">&gt;&gt;</a>&nbsp;&nbsp;&nbsp;__rt_ctype_table
<LI><a href="#[5c]">&gt;&gt;</a>&nbsp;&nbsp;&nbsp;__aeabi_errno_addr
</UL>
<BR>[Called By]<UL><LI><a href="#[5b]">&gt;&gt;</a>&nbsp;&nbsp;&nbsp;atoi
</UL>

<P><STRONG><a name="[5f]"></a>__aeabi_memcpy4</STRONG> (Thumb, 0 bytes, Stack size 8 bytes, rt_memcpy_w.o(.text), UNUSED)
<BR><BR>[Called By]<UL><LI><a href="#[5e]">&gt;&gt;</a>&nbsp;&nbsp;&nbsp;__rt_memcpy
</UL>

<P><STRONG><a name="[100]"></a>__aeabi_memcpy8</STRONG> (Thumb, 0 bytes, Stack size 8 bytes, rt_memcpy_w.o(.text), UNUSED)

<P><STRONG><a name="[101]"></a>__rt_memcpy_w</STRONG> (Thumb, 100 bytes, Stack size 8 bytes, rt_memcpy_w.o(.text), UNUSED)

<P><STRONG><a name="[102]"></a>_memcpy_lastbytes_aligned</STRONG> (Thumb, 0 bytes, Stack size unknown bytes, rt_memcpy_w.o(.text), UNUSED)

<P><STRONG><a name="[103]"></a>__user_libspace</STRONG> (Thumb, 8 bytes, Stack size 0 bytes, libspace.o(.text), UNUSED)

<P><STRONG><a name="[68]"></a>__user_perproc_libspace</STRONG> (Thumb, 0 bytes, Stack size 0 bytes, libspace.o(.text))
<BR><BR>[Called By]<UL><LI><a href="#[4b]">&gt;&gt;</a>&nbsp;&nbsp;&nbsp;__user_setup_stackheap
</UL>

<P><STRONG><a name="[104]"></a>__user_perthread_libspace</STRONG> (Thumb, 0 bytes, Stack size 0 bytes, libspace.o(.text), UNUSED)

<P><STRONG><a name="[65]"></a>__rt_ctype_table</STRONG> (Thumb, 16 bytes, Stack size 8 bytes, rt_ctype_table.o(.text))
<BR><BR>[Stack]<UL><LI>Max Depth = 8<LI>Call Chain = __rt_ctype_table
</UL>
<BR>[Calls]<UL><LI><a href="#[48]">&gt;&gt;</a>&nbsp;&nbsp;&nbsp;__rt_locale
</UL>
<BR>[Called By]<UL><LI><a href="#[5d]">&gt;&gt;</a>&nbsp;&nbsp;&nbsp;strtol
</UL>

<P><STRONG><a name="[66]"></a>_strtoul</STRONG> (Thumb, 158 bytes, Stack size 40 bytes, _strtoul.o(.text))
<BR><BR>[Stack]<UL><LI>Max Depth = 40<LI>Call Chain = _strtoul
</UL>
<BR>[Calls]<UL><LI><a href="#[67]">&gt;&gt;</a>&nbsp;&nbsp;&nbsp;_chval
<LI><a href="#[5c]">&gt;&gt;</a>&nbsp;&nbsp;&nbsp;__aeabi_errno_addr
</UL>
<BR>[Called By]<UL><LI><a href="#[5d]">&gt;&gt;</a>&nbsp;&nbsp;&nbsp;strtol
</UL>

<P><STRONG><a name="[4b]"></a>__user_setup_stackheap</STRONG> (Thumb, 74 bytes, Stack size 8 bytes, sys_stackheap_outer.o(.text))
<BR><BR>[Stack]<UL><LI>Max Depth = 8 + Unknown Stack Size
<LI>Call Chain = __user_setup_stackheap
</UL>
<BR>[Calls]<UL><LI><a href="#[69]">&gt;&gt;</a>&nbsp;&nbsp;&nbsp;__user_initial_stackheap
<LI><a href="#[68]">&gt;&gt;</a>&nbsp;&nbsp;&nbsp;__user_perproc_libspace
</UL>
<BR>[Called By]<UL><LI><a href="#[4a]">&gt;&gt;</a>&nbsp;&nbsp;&nbsp;__rt_entry_sh
</UL>

<P><STRONG><a name="[48]"></a>__rt_locale</STRONG> (Thumb, 8 bytes, Stack size 0 bytes, rt_locale_intlibspace.o(.text))
<BR><BR>[Called By]<UL><LI><a href="#[47]">&gt;&gt;</a>&nbsp;&nbsp;&nbsp;__rt_lib_init_lc_common
<LI><a href="#[65]">&gt;&gt;</a>&nbsp;&nbsp;&nbsp;__rt_ctype_table
</UL>

<P><STRONG><a name="[67]"></a>_chval</STRONG> (Thumb, 28 bytes, Stack size 0 bytes, _chval.o(.text))
<BR><BR>[Called By]<UL><LI><a href="#[66]">&gt;&gt;</a>&nbsp;&nbsp;&nbsp;_strtoul
</UL>

<P><STRONG><a name="[50]"></a>exit</STRONG> (Thumb, 18 bytes, Stack size 8 bytes, exit.o(.text))
<BR><BR>[Stack]<UL><LI>Max Depth = 8 + Unknown Stack Size
<LI>Call Chain = exit
</UL>
<BR>[Calls]<UL><LI><a href="#[6a]">&gt;&gt;</a>&nbsp;&nbsp;&nbsp;__rt_exit
</UL>
<BR>[Called By]<UL><LI><a href="#[4e]">&gt;&gt;</a>&nbsp;&nbsp;&nbsp;__rt_entry_main
</UL>

<P><STRONG><a name="[d1]"></a>strcmp</STRONG> (Thumb, 128 bytes, Stack size 0 bytes, strcmpv7m.o(.text))
<BR><BR>[Called By]<UL><LI><a href="#[3c]">&gt;&gt;</a>&nbsp;&nbsp;&nbsp;_get_lc_ctype
</UL>

<P><STRONG><a name="[54]"></a>_sys_exit</STRONG> (Thumb, 8 bytes, Stack size 0 bytes, sys_exit.o(.text))
<BR><BR>[Called By]<UL><LI><a href="#[53]">&gt;&gt;</a>&nbsp;&nbsp;&nbsp;__rt_exit_exit
</UL>

<P><STRONG><a name="[105]"></a>__I$use$semihosting</STRONG> (Thumb, 0 bytes, Stack size 0 bytes, use_no_semi.o(.text), UNUSED)

<P><STRONG><a name="[106]"></a>__use_no_semihosting_swi</STRONG> (Thumb, 2 bytes, Stack size 0 bytes, use_no_semi.o(.text), UNUSED)

<P><STRONG><a name="[6b]"></a>AS608_GenChar</STRONG> (Thumb, 40 bytes, Stack size 16 bytes, as608.o(i.AS608_GenChar))
<BR><BR>[Stack]<UL><LI>Max Depth = 104<LI>Call Chain = AS608_GenChar &rArr; AS608_SendCmd &rArr; HAL_UART_Transmit &rArr; UART_WaitOnFlagUntilTimeout
</UL>
<BR>[Calls]<UL><LI><a href="#[6c]">&gt;&gt;</a>&nbsp;&nbsp;&nbsp;AS608_SendCmd
<LI><a href="#[6d]">&gt;&gt;</a>&nbsp;&nbsp;&nbsp;AS608_RecvAck
</UL>
<BR>[Called By]<UL><LI><a href="#[4f]">&gt;&gt;</a>&nbsp;&nbsp;&nbsp;main
</UL>

<P><STRONG><a name="[107]"></a>__semihosting_library_function</STRONG> (Thumb, 0 bytes, Stack size 16 bytes, indicate_semi.o(.text), UNUSED)

<P><STRONG><a name="[6e]"></a>AS608_GetImage</STRONG> (Thumb, 36 bytes, Stack size 16 bytes, as608.o(i.AS608_GetImage))
<BR><BR>[Stack]<UL><LI>Max Depth = 104<LI>Call Chain = AS608_GetImage &rArr; AS608_SendCmd &rArr; HAL_UART_Transmit &rArr; UART_WaitOnFlagUntilTimeout
</UL>
<BR>[Calls]<UL><LI><a href="#[6c]">&gt;&gt;</a>&nbsp;&nbsp;&nbsp;AS608_SendCmd
<LI><a href="#[6d]">&gt;&gt;</a>&nbsp;&nbsp;&nbsp;AS608_RecvAck
</UL>
<BR>[Called By]<UL><LI><a href="#[4f]">&gt;&gt;</a>&nbsp;&nbsp;&nbsp;main
</UL>

<P><STRONG><a name="[6f]"></a>AS608_Init</STRONG> (Thumb, 44 bytes, Stack size 16 bytes, as608.o(i.AS608_Init))
<BR><BR>[Stack]<UL><LI>Max Depth = 104<LI>Call Chain = AS608_Init &rArr; AS608_SendCmd &rArr; HAL_UART_Transmit &rArr; UART_WaitOnFlagUntilTimeout
</UL>
<BR>[Calls]<UL><LI><a href="#[6c]">&gt;&gt;</a>&nbsp;&nbsp;&nbsp;AS608_SendCmd
<LI><a href="#[6d]">&gt;&gt;</a>&nbsp;&nbsp;&nbsp;AS608_RecvAck
</UL>
<BR>[Called By]<UL><LI><a href="#[4f]">&gt;&gt;</a>&nbsp;&nbsp;&nbsp;main
</UL>

<P><STRONG><a name="[73]"></a>AS608_RegModel</STRONG> (Thumb, 36 bytes, Stack size 16 bytes, as608.o(i.AS608_RegModel))
<BR><BR>[Stack]<UL><LI>Max Depth = 104<LI>Call Chain = AS608_RegModel &rArr; AS608_SendCmd &rArr; HAL_UART_Transmit &rArr; UART_WaitOnFlagUntilTimeout
</UL>
<BR>[Calls]<UL><LI><a href="#[6c]">&gt;&gt;</a>&nbsp;&nbsp;&nbsp;AS608_SendCmd
<LI><a href="#[6d]">&gt;&gt;</a>&nbsp;&nbsp;&nbsp;AS608_RecvAck
</UL>
<BR>[Called By]<UL><LI><a href="#[4f]">&gt;&gt;</a>&nbsp;&nbsp;&nbsp;main
</UL>

<P><STRONG><a name="[74]"></a>AS608_Search</STRONG> (Thumb, 92 bytes, Stack size 32 bytes, as608.o(i.AS608_Search))
<BR><BR>[Stack]<UL><LI>Max Depth = 120<LI>Call Chain = AS608_Search &rArr; AS608_SendCmd &rArr; HAL_UART_Transmit &rArr; UART_WaitOnFlagUntilTimeout
</UL>
<BR>[Calls]<UL><LI><a href="#[6c]">&gt;&gt;</a>&nbsp;&nbsp;&nbsp;AS608_SendCmd
<LI><a href="#[6d]">&gt;&gt;</a>&nbsp;&nbsp;&nbsp;AS608_RecvAck
</UL>
<BR>[Called By]<UL><LI><a href="#[4f]">&gt;&gt;</a>&nbsp;&nbsp;&nbsp;main
</UL>

<P><STRONG><a name="[76]"></a>AS608_Store</STRONG> (Thumb, 52 bytes, Stack size 16 bytes, as608.o(i.AS608_Store))
<BR><BR>[Stack]<UL><LI>Max Depth = 104<LI>Call Chain = AS608_Store &rArr; AS608_SendCmd &rArr; HAL_UART_Transmit &rArr; UART_WaitOnFlagUntilTimeout
</UL>
<BR>[Calls]<UL><LI><a href="#[6c]">&gt;&gt;</a>&nbsp;&nbsp;&nbsp;AS608_SendCmd
<LI><a href="#[6d]">&gt;&gt;</a>&nbsp;&nbsp;&nbsp;AS608_RecvAck
</UL>
<BR>[Called By]<UL><LI><a href="#[4f]">&gt;&gt;</a>&nbsp;&nbsp;&nbsp;main
</UL>

<P><STRONG><a name="[7]"></a>BusFault_Handler</STRONG> (Thumb, 2 bytes, Stack size 0 bytes, stm32f1xx_it.o(i.BusFault_Handler))
<BR><BR>[Calls]<UL><LI><a href="#[7]">&gt;&gt;</a>&nbsp;&nbsp;&nbsp;BusFault_Handler
</UL>
<BR>[Called By]<UL><LI><a href="#[7]">&gt;&gt;</a>&nbsp;&nbsp;&nbsp;BusFault_Handler
</UL>
<BR>[Address Reference Count : 1]<UL><LI> startup_stm32f103xb.o(RESET)
</UL>
<P><STRONG><a name="[a]"></a>DebugMon_Handler</STRONG> (Thumb, 2 bytes, Stack size 0 bytes, stm32f1xx_it.o(i.DebugMon_Handler))
<BR>[Address Reference Count : 1]<UL><LI> startup_stm32f103xb.o(RESET)
</UL>
<P><STRONG><a name="[35]"></a>EXTI15_10_IRQHandler</STRONG> (Thumb, 8 bytes, Stack size 0 bytes, stm32f1xx_it.o(i.EXTI15_10_IRQHandler))
<BR><BR>[Stack]<UL><LI>Max Depth = 80<LI>Call Chain = EXTI15_10_IRQHandler &rArr; HAL_GPIO_EXTI_IRQHandler &rArr; HAL_GPIO_EXTI_Callback &rArr; UART_SendString &rArr; HAL_UART_Transmit &rArr; UART_WaitOnFlagUntilTimeout
</UL>
<BR>[Calls]<UL><LI><a href="#[77]">&gt;&gt;</a>&nbsp;&nbsp;&nbsp;HAL_GPIO_EXTI_IRQHandler
</UL>
<BR>[Address Reference Count : 1]<UL><LI> startup_stm32f103xb.o(RESET)
</UL>
<P><STRONG><a name="[14]"></a>EXTI1_IRQHandler</STRONG> (Thumb, 6 bytes, Stack size 0 bytes, stm32f1xx_it.o(i.EXTI1_IRQHandler))
<BR><BR>[Stack]<UL><LI>Max Depth = 80<LI>Call Chain = EXTI1_IRQHandler &rArr; HAL_GPIO_EXTI_IRQHandler &rArr; HAL_GPIO_EXTI_Callback &rArr; UART_SendString &rArr; HAL_UART_Transmit &rArr; UART_WaitOnFlagUntilTimeout
</UL>
<BR>[Calls]<UL><LI><a href="#[77]">&gt;&gt;</a>&nbsp;&nbsp;&nbsp;HAL_GPIO_EXTI_IRQHandler
</UL>
<BR>[Address Reference Count : 1]<UL><LI> startup_stm32f103xb.o(RESET)
</UL>
<P><STRONG><a name="[24]"></a>EXTI9_5_IRQHandler</STRONG> (Thumb, 6 bytes, Stack size 0 bytes, stm32f1xx_it.o(i.EXTI9_5_IRQHandler))
<BR><BR>[Stack]<UL><LI>Max Depth = 80<LI>Call Chain = EXTI9_5_IRQHandler &rArr; HAL_GPIO_EXTI_IRQHandler &rArr; HAL_GPIO_EXTI_Callback &rArr; UART_SendString &rArr; HAL_UART_Transmit &rArr; UART_WaitOnFlagUntilTimeout
</UL>
<BR>[Calls]<UL><LI><a href="#[77]">&gt;&gt;</a>&nbsp;&nbsp;&nbsp;HAL_GPIO_EXTI_IRQHandler
</UL>
<BR>[Address Reference Count : 1]<UL><LI> startup_stm32f103xb.o(RESET)
</UL>
<P><STRONG><a name="[78]"></a>EnterSleepMode</STRONG> (Thumb, 98 bytes, Stack size 32 bytes, main.o(i.EnterSleepMode))
<BR><BR>[Stack]<UL><LI>Max Depth = 224<LI>Call Chain = EnterSleepMode &rArr; ssd1306_UpdateScreen &rArr; ssd1306_WriteCommand &rArr; HAL_I2C_Mem_Write &rArr; I2C_RequestMemoryWrite &rArr; I2C_WaitOnMasterAddressFlagUntilTimeout
</UL>
<BR>[Calls]<UL><LI><a href="#[7a]">&gt;&gt;</a>&nbsp;&nbsp;&nbsp;ssd1306_UpdateScreen
<LI><a href="#[7b]">&gt;&gt;</a>&nbsp;&nbsp;&nbsp;ssd1306_SetDisplayOn
<LI><a href="#[79]">&gt;&gt;</a>&nbsp;&nbsp;&nbsp;ssd1306_Fill
<LI><a href="#[7d]">&gt;&gt;</a>&nbsp;&nbsp;&nbsp;HAL_UART_DeInit
<LI><a href="#[81]">&gt;&gt;</a>&nbsp;&nbsp;&nbsp;HAL_SuspendTick
<LI><a href="#[83]">&gt;&gt;</a>&nbsp;&nbsp;&nbsp;HAL_ResumeTick
<LI><a href="#[82]">&gt;&gt;</a>&nbsp;&nbsp;&nbsp;HAL_PWR_EnterSTOPMode
<LI><a href="#[7f]">&gt;&gt;</a>&nbsp;&nbsp;&nbsp;HAL_NVIC_SetPriority
<LI><a href="#[80]">&gt;&gt;</a>&nbsp;&nbsp;&nbsp;HAL_NVIC_EnableIRQ
<LI><a href="#[7e]">&gt;&gt;</a>&nbsp;&nbsp;&nbsp;HAL_GPIO_Init
<LI><a href="#[7c]">&gt;&gt;</a>&nbsp;&nbsp;&nbsp;Relay_Close
</UL>
<BR>[Called By]<UL><LI><a href="#[4f]">&gt;&gt;</a>&nbsp;&nbsp;&nbsp;main
</UL>

<P><STRONG><a name="[8a]"></a>FLASH_PageErase</STRONG> (Thumb, 28 bytes, Stack size 0 bytes, stm32f1xx_hal_flash_ex.o(i.FLASH_PageErase))
<BR><BR>[Called By]<UL><LI><a href="#[88]">&gt;&gt;</a>&nbsp;&nbsp;&nbsp;HAL_FLASHEx_Erase
</UL>

<P><STRONG><a name="[84]"></a>FLASH_WaitForLastOperation</STRONG> (Thumb, 80 bytes, Stack size 16 bytes, stm32f1xx_hal_flash.o(i.FLASH_WaitForLastOperation))
<BR><BR>[Stack]<UL><LI>Max Depth = 16<LI>Call Chain = FLASH_WaitForLastOperation
</UL>
<BR>[Calls]<UL><LI><a href="#[85]">&gt;&gt;</a>&nbsp;&nbsp;&nbsp;HAL_GetTick
<LI><a href="#[86]">&gt;&gt;</a>&nbsp;&nbsp;&nbsp;FLASH_SetErrorCode
</UL>
<BR>[Called By]<UL><LI><a href="#[8b]">&gt;&gt;</a>&nbsp;&nbsp;&nbsp;HAL_FLASH_Program
<LI><a href="#[88]">&gt;&gt;</a>&nbsp;&nbsp;&nbsp;HAL_FLASHEx_Erase
</UL>

<P><STRONG><a name="[a9]"></a>HAL_DMA_Abort_IT</STRONG> (Thumb, 148 bytes, Stack size 8 bytes, stm32f1xx_hal_dma.o(i.HAL_DMA_Abort_IT))
<BR><BR>[Stack]<UL><LI>Max Depth = 8<LI>Call Chain = HAL_DMA_Abort_IT
</UL>
<BR>[Called By]<UL><LI><a href="#[a6]">&gt;&gt;</a>&nbsp;&nbsp;&nbsp;HAL_UART_IRQHandler
</UL>

<P><STRONG><a name="[87]"></a>HAL_Delay</STRONG> (Thumb, 32 bytes, Stack size 16 bytes, stm32f1xx_hal.o(i.HAL_Delay))
<BR><BR>[Stack]<UL><LI>Max Depth = 16<LI>Call Chain = HAL_Delay
</UL>
<BR>[Calls]<UL><LI><a href="#[85]">&gt;&gt;</a>&nbsp;&nbsp;&nbsp;HAL_GetTick
</UL>
<BR>[Called By]<UL><LI><a href="#[cd]">&gt;&gt;</a>&nbsp;&nbsp;&nbsp;ssd1306_Init
<LI><a href="#[b6]">&gt;&gt;</a>&nbsp;&nbsp;&nbsp;Keypad_Read
<LI><a href="#[4f]">&gt;&gt;</a>&nbsp;&nbsp;&nbsp;main
<LI><a href="#[c9]">&gt;&gt;</a>&nbsp;&nbsp;&nbsp;WakeupFromSleep
<LI><a href="#[c0]">&gt;&gt;</a>&nbsp;&nbsp;&nbsp;ProcessUARTCommand
</UL>

<P><STRONG><a name="[88]"></a>HAL_FLASHEx_Erase</STRONG> (Thumb, 160 bytes, Stack size 32 bytes, stm32f1xx_hal_flash_ex.o(i.HAL_FLASHEx_Erase))
<BR><BR>[Stack]<UL><LI>Max Depth = 48<LI>Call Chain = HAL_FLASHEx_Erase &rArr; FLASH_WaitForLastOperation
</UL>
<BR>[Calls]<UL><LI><a href="#[89]">&gt;&gt;</a>&nbsp;&nbsp;&nbsp;FLASH_MassErase
<LI><a href="#[8a]">&gt;&gt;</a>&nbsp;&nbsp;&nbsp;FLASH_PageErase
<LI><a href="#[84]">&gt;&gt;</a>&nbsp;&nbsp;&nbsp;FLASH_WaitForLastOperation
</UL>
<BR>[Called By]<UL><LI><a href="#[ca]">&gt;&gt;</a>&nbsp;&nbsp;&nbsp;Write_Layer2_Status
</UL>

<P><STRONG><a name="[cc]"></a>HAL_FLASH_Lock</STRONG> (Thumb, 14 bytes, Stack size 0 bytes, stm32f1xx_hal_flash.o(i.HAL_FLASH_Lock))
<BR><BR>[Called By]<UL><LI><a href="#[ca]">&gt;&gt;</a>&nbsp;&nbsp;&nbsp;Write_Layer2_Status
</UL>

<P><STRONG><a name="[8b]"></a>HAL_FLASH_Program</STRONG> (Thumb, 120 bytes, Stack size 40 bytes, stm32f1xx_hal_flash.o(i.HAL_FLASH_Program))
<BR><BR>[Stack]<UL><LI>Max Depth = 56<LI>Call Chain = HAL_FLASH_Program &rArr; FLASH_WaitForLastOperation
</UL>
<BR>[Calls]<UL><LI><a href="#[84]">&gt;&gt;</a>&nbsp;&nbsp;&nbsp;FLASH_WaitForLastOperation
<LI><a href="#[8d]">&gt;&gt;</a>&nbsp;&nbsp;&nbsp;FLASH_Program_HalfWord
<LI><a href="#[8c]">&gt;&gt;</a>&nbsp;&nbsp;&nbsp;__aeabi_llsr
</UL>
<BR>[Called By]<UL><LI><a href="#[ca]">&gt;&gt;</a>&nbsp;&nbsp;&nbsp;Write_Layer2_Status
</UL>

<P><STRONG><a name="[cb]"></a>HAL_FLASH_Unlock</STRONG> (Thumb, 28 bytes, Stack size 0 bytes, stm32f1xx_hal_flash.o(i.HAL_FLASH_Unlock))
<BR><BR>[Called By]<UL><LI><a href="#[ca]">&gt;&gt;</a>&nbsp;&nbsp;&nbsp;Write_Layer2_Status
</UL>

<P><STRONG><a name="[af]"></a>HAL_GPIO_DeInit</STRONG> (Thumb, 228 bytes, Stack size 28 bytes, stm32f1xx_hal_gpio.o(i.HAL_GPIO_DeInit))
<BR><BR>[Stack]<UL><LI>Max Depth = 28<LI>Call Chain = HAL_GPIO_DeInit
</UL>
<BR>[Called By]<UL><LI><a href="#[a3]">&gt;&gt;</a>&nbsp;&nbsp;&nbsp;HAL_UART_MspDeInit
<LI><a href="#[c9]">&gt;&gt;</a>&nbsp;&nbsp;&nbsp;WakeupFromSleep
</UL>

<P><STRONG><a name="[8e]"></a>HAL_GPIO_EXTI_Callback</STRONG> (Thumb, 54 bytes, Stack size 8 bytes, main.o(i.HAL_GPIO_EXTI_Callback))
<BR><BR>[Stack]<UL><LI>Max Depth = 72<LI>Call Chain = HAL_GPIO_EXTI_Callback &rArr; UART_SendString &rArr; HAL_UART_Transmit &rArr; UART_WaitOnFlagUntilTimeout
</UL>
<BR>[Calls]<UL><LI><a href="#[85]">&gt;&gt;</a>&nbsp;&nbsp;&nbsp;HAL_GetTick
<LI><a href="#[8f]">&gt;&gt;</a>&nbsp;&nbsp;&nbsp;HAL_GPIO_WritePin
<LI><a href="#[90]">&gt;&gt;</a>&nbsp;&nbsp;&nbsp;UART_SendString
</UL>
<BR>[Called By]<UL><LI><a href="#[77]">&gt;&gt;</a>&nbsp;&nbsp;&nbsp;HAL_GPIO_EXTI_IRQHandler
</UL>

<P><STRONG><a name="[77]"></a>HAL_GPIO_EXTI_IRQHandler</STRONG> (Thumb, 18 bytes, Stack size 8 bytes, stm32f1xx_hal_gpio.o(i.HAL_GPIO_EXTI_IRQHandler))
<BR><BR>[Stack]<UL><LI>Max Depth = 80<LI>Call Chain = HAL_GPIO_EXTI_IRQHandler &rArr; HAL_GPIO_EXTI_Callback &rArr; UART_SendString &rArr; HAL_UART_Transmit &rArr; UART_WaitOnFlagUntilTimeout
</UL>
<BR>[Calls]<UL><LI><a href="#[8e]">&gt;&gt;</a>&nbsp;&nbsp;&nbsp;HAL_GPIO_EXTI_Callback
</UL>
<BR>[Called By]<UL><LI><a href="#[24]">&gt;&gt;</a>&nbsp;&nbsp;&nbsp;EXTI9_5_IRQHandler
<LI><a href="#[14]">&gt;&gt;</a>&nbsp;&nbsp;&nbsp;EXTI1_IRQHandler
<LI><a href="#[35]">&gt;&gt;</a>&nbsp;&nbsp;&nbsp;EXTI15_10_IRQHandler
</UL>

<P><STRONG><a name="[7e]"></a>HAL_GPIO_Init</STRONG> (Thumb, 446 bytes, Stack size 40 bytes, stm32f1xx_hal_gpio.o(i.HAL_GPIO_Init))
<BR><BR>[Stack]<UL><LI>Max Depth = 40<LI>Call Chain = HAL_GPIO_Init
</UL>
<BR>[Called By]<UL><LI><a href="#[ad]">&gt;&gt;</a>&nbsp;&nbsp;&nbsp;HAL_UART_MspInit
<LI><a href="#[92]">&gt;&gt;</a>&nbsp;&nbsp;&nbsp;HAL_I2C_MspInit
<LI><a href="#[4f]">&gt;&gt;</a>&nbsp;&nbsp;&nbsp;main
<LI><a href="#[78]">&gt;&gt;</a>&nbsp;&nbsp;&nbsp;EnterSleepMode
<LI><a href="#[b8]">&gt;&gt;</a>&nbsp;&nbsp;&nbsp;MX_GPIO_Init
</UL>

<P><STRONG><a name="[b7]"></a>HAL_GPIO_ReadPin</STRONG> (Thumb, 10 bytes, Stack size 0 bytes, stm32f1xx_hal_gpio.o(i.HAL_GPIO_ReadPin))
<BR><BR>[Called By]<UL><LI><a href="#[b6]">&gt;&gt;</a>&nbsp;&nbsp;&nbsp;Keypad_Read
<LI><a href="#[4f]">&gt;&gt;</a>&nbsp;&nbsp;&nbsp;main
</UL>

<P><STRONG><a name="[8f]"></a>HAL_GPIO_WritePin</STRONG> (Thumb, 10 bytes, Stack size 0 bytes, stm32f1xx_hal_gpio.o(i.HAL_GPIO_WritePin))
<BR><BR>[Called By]<UL><LI><a href="#[b6]">&gt;&gt;</a>&nbsp;&nbsp;&nbsp;Keypad_Read
<LI><a href="#[4f]">&gt;&gt;</a>&nbsp;&nbsp;&nbsp;main
<LI><a href="#[c2]">&gt;&gt;</a>&nbsp;&nbsp;&nbsp;Relay_Open
<LI><a href="#[7c]">&gt;&gt;</a>&nbsp;&nbsp;&nbsp;Relay_Close
<LI><a href="#[8e]">&gt;&gt;</a>&nbsp;&nbsp;&nbsp;HAL_GPIO_EXTI_Callback
<LI><a href="#[b8]">&gt;&gt;</a>&nbsp;&nbsp;&nbsp;MX_GPIO_Init
</UL>

<P><STRONG><a name="[85]"></a>HAL_GetTick</STRONG> (Thumb, 6 bytes, Stack size 0 bytes, stm32f1xx_hal.o(i.HAL_GetTick))
<BR><BR>[Called By]<UL><LI><a href="#[94]">&gt;&gt;</a>&nbsp;&nbsp;&nbsp;HAL_I2C_Mem_Write
<LI><a href="#[71]">&gt;&gt;</a>&nbsp;&nbsp;&nbsp;HAL_UART_Receive
<LI><a href="#[75]">&gt;&gt;</a>&nbsp;&nbsp;&nbsp;HAL_UART_Transmit
<LI><a href="#[a2]">&gt;&gt;</a>&nbsp;&nbsp;&nbsp;HAL_RCC_OscConfig
<LI><a href="#[a0]">&gt;&gt;</a>&nbsp;&nbsp;&nbsp;HAL_RCC_ClockConfig
<LI><a href="#[87]">&gt;&gt;</a>&nbsp;&nbsp;&nbsp;HAL_Delay
<LI><a href="#[4f]">&gt;&gt;</a>&nbsp;&nbsp;&nbsp;main
<LI><a href="#[c9]">&gt;&gt;</a>&nbsp;&nbsp;&nbsp;WakeupFromSleep
<LI><a href="#[c3]">&gt;&gt;</a>&nbsp;&nbsp;&nbsp;ResetToMenu
<LI><a href="#[c0]">&gt;&gt;</a>&nbsp;&nbsp;&nbsp;ProcessUARTCommand
<LI><a href="#[8e]">&gt;&gt;</a>&nbsp;&nbsp;&nbsp;HAL_GPIO_EXTI_Callback
<LI><a href="#[b1]">&gt;&gt;</a>&nbsp;&nbsp;&nbsp;UART_WaitOnFlagUntilTimeout
<LI><a href="#[84]">&gt;&gt;</a>&nbsp;&nbsp;&nbsp;FLASH_WaitForLastOperation
<LI><a href="#[97]">&gt;&gt;</a>&nbsp;&nbsp;&nbsp;I2C_WaitOnTXEFlagUntilTimeout
<LI><a href="#[b4]">&gt;&gt;</a>&nbsp;&nbsp;&nbsp;I2C_WaitOnMasterAddressFlagUntilTimeout
<LI><a href="#[95]">&gt;&gt;</a>&nbsp;&nbsp;&nbsp;I2C_WaitOnFlagUntilTimeout
<LI><a href="#[98]">&gt;&gt;</a>&nbsp;&nbsp;&nbsp;I2C_WaitOnBTFFlagUntilTimeout
</UL>

<P><STRONG><a name="[91]"></a>HAL_I2C_Init</STRONG> (Thumb, 356 bytes, Stack size 16 bytes, stm32f1xx_hal_i2c.o(i.HAL_I2C_Init))
<BR><BR>[Stack]<UL><LI>Max Depth = 88<LI>Call Chain = HAL_I2C_Init &rArr; HAL_I2C_MspInit &rArr; HAL_GPIO_Init
</UL>
<BR>[Calls]<UL><LI><a href="#[92]">&gt;&gt;</a>&nbsp;&nbsp;&nbsp;HAL_I2C_MspInit
<LI><a href="#[93]">&gt;&gt;</a>&nbsp;&nbsp;&nbsp;HAL_RCC_GetPCLK1Freq
</UL>
<BR>[Called By]<UL><LI><a href="#[4f]">&gt;&gt;</a>&nbsp;&nbsp;&nbsp;main
</UL>

<P><STRONG><a name="[94]"></a>HAL_I2C_Mem_Write</STRONG> (Thumb, 294 bytes, Stack size 64 bytes, stm32f1xx_hal_i2c.o(i.HAL_I2C_Mem_Write))
<BR><BR>[Stack]<UL><LI>Max Depth = 128<LI>Call Chain = HAL_I2C_Mem_Write &rArr; I2C_RequestMemoryWrite &rArr; I2C_WaitOnMasterAddressFlagUntilTimeout
</UL>
<BR>[Calls]<UL><LI><a href="#[85]">&gt;&gt;</a>&nbsp;&nbsp;&nbsp;HAL_GetTick
<LI><a href="#[97]">&gt;&gt;</a>&nbsp;&nbsp;&nbsp;I2C_WaitOnTXEFlagUntilTimeout
<LI><a href="#[95]">&gt;&gt;</a>&nbsp;&nbsp;&nbsp;I2C_WaitOnFlagUntilTimeout
<LI><a href="#[98]">&gt;&gt;</a>&nbsp;&nbsp;&nbsp;I2C_WaitOnBTFFlagUntilTimeout
<LI><a href="#[96]">&gt;&gt;</a>&nbsp;&nbsp;&nbsp;I2C_RequestMemoryWrite
</UL>
<BR>[Called By]<UL><LI><a href="#[ce]">&gt;&gt;</a>&nbsp;&nbsp;&nbsp;ssd1306_WriteCommand
<LI><a href="#[7a]">&gt;&gt;</a>&nbsp;&nbsp;&nbsp;ssd1306_UpdateScreen
<LI><a href="#[7b]">&gt;&gt;</a>&nbsp;&nbsp;&nbsp;ssd1306_SetDisplayOn
</UL>

<P><STRONG><a name="[92]"></a>HAL_I2C_MspInit</STRONG> (Thumb, 80 bytes, Stack size 32 bytes, stm32f1xx_hal_msp.o(i.HAL_I2C_MspInit))
<BR><BR>[Stack]<UL><LI>Max Depth = 72<LI>Call Chain = HAL_I2C_MspInit &rArr; HAL_GPIO_Init
</UL>
<BR>[Calls]<UL><LI><a href="#[7e]">&gt;&gt;</a>&nbsp;&nbsp;&nbsp;HAL_GPIO_Init
</UL>
<BR>[Called By]<UL><LI><a href="#[91]">&gt;&gt;</a>&nbsp;&nbsp;&nbsp;HAL_I2C_Init
</UL>

<P><STRONG><a name="[c5]"></a>HAL_IncTick</STRONG> (Thumb, 12 bytes, Stack size 0 bytes, stm32f1xx_hal.o(i.HAL_IncTick))
<BR><BR>[Called By]<UL><LI><a href="#[c]">&gt;&gt;</a>&nbsp;&nbsp;&nbsp;SysTick_Handler
</UL>

<P><STRONG><a name="[99]"></a>HAL_Init</STRONG> (Thumb, 32 bytes, Stack size 8 bytes, stm32f1xx_hal.o(i.HAL_Init))
<BR><BR>[Stack]<UL><LI>Max Depth = 40<LI>Call Chain = HAL_Init &rArr; HAL_InitTick &rArr; HAL_NVIC_SetPriority
</UL>
<BR>[Calls]<UL><LI><a href="#[9c]">&gt;&gt;</a>&nbsp;&nbsp;&nbsp;HAL_MspInit
<LI><a href="#[9b]">&gt;&gt;</a>&nbsp;&nbsp;&nbsp;HAL_InitTick
<LI><a href="#[9a]">&gt;&gt;</a>&nbsp;&nbsp;&nbsp;HAL_NVIC_SetPriorityGrouping
</UL>
<BR>[Called By]<UL><LI><a href="#[4f]">&gt;&gt;</a>&nbsp;&nbsp;&nbsp;main
</UL>

<P><STRONG><a name="[9b]"></a>HAL_InitTick</STRONG> (Thumb, 54 bytes, Stack size 16 bytes, stm32f1xx_hal.o(i.HAL_InitTick))
<BR><BR>[Stack]<UL><LI>Max Depth = 32<LI>Call Chain = HAL_InitTick &rArr; HAL_NVIC_SetPriority
</UL>
<BR>[Calls]<UL><LI><a href="#[7f]">&gt;&gt;</a>&nbsp;&nbsp;&nbsp;HAL_NVIC_SetPriority
<LI><a href="#[9d]">&gt;&gt;</a>&nbsp;&nbsp;&nbsp;HAL_SYSTICK_Config
</UL>
<BR>[Called By]<UL><LI><a href="#[a0]">&gt;&gt;</a>&nbsp;&nbsp;&nbsp;HAL_RCC_ClockConfig
<LI><a href="#[99]">&gt;&gt;</a>&nbsp;&nbsp;&nbsp;HAL_Init
</UL>

<P><STRONG><a name="[9c]"></a>HAL_MspInit</STRONG> (Thumb, 52 bytes, Stack size 8 bytes, stm32f1xx_hal_msp.o(i.HAL_MspInit))
<BR><BR>[Stack]<UL><LI>Max Depth = 8<LI>Call Chain = HAL_MspInit
</UL>
<BR>[Called By]<UL><LI><a href="#[99]">&gt;&gt;</a>&nbsp;&nbsp;&nbsp;HAL_Init
</UL>

<P><STRONG><a name="[b0]"></a>HAL_NVIC_DisableIRQ</STRONG> (Thumb, 34 bytes, Stack size 0 bytes, stm32f1xx_hal_cortex.o(i.HAL_NVIC_DisableIRQ))
<BR><BR>[Called By]<UL><LI><a href="#[ad]">&gt;&gt;</a>&nbsp;&nbsp;&nbsp;HAL_UART_MspInit
<LI><a href="#[a3]">&gt;&gt;</a>&nbsp;&nbsp;&nbsp;HAL_UART_MspDeInit
<LI><a href="#[c9]">&gt;&gt;</a>&nbsp;&nbsp;&nbsp;WakeupFromSleep
</UL>

<P><STRONG><a name="[80]"></a>HAL_NVIC_EnableIRQ</STRONG> (Thumb, 26 bytes, Stack size 0 bytes, stm32f1xx_hal_cortex.o(i.HAL_NVIC_EnableIRQ))
<BR><BR>[Called By]<UL><LI><a href="#[ad]">&gt;&gt;</a>&nbsp;&nbsp;&nbsp;HAL_UART_MspInit
<LI><a href="#[78]">&gt;&gt;</a>&nbsp;&nbsp;&nbsp;EnterSleepMode
<LI><a href="#[b8]">&gt;&gt;</a>&nbsp;&nbsp;&nbsp;MX_GPIO_Init
</UL>

<P><STRONG><a name="[7f]"></a>HAL_NVIC_SetPriority</STRONG> (Thumb, 60 bytes, Stack size 16 bytes, stm32f1xx_hal_cortex.o(i.HAL_NVIC_SetPriority))
<BR><BR>[Stack]<UL><LI>Max Depth = 16<LI>Call Chain = HAL_NVIC_SetPriority
</UL>
<BR>[Calls]<UL><LI><a href="#[9e]">&gt;&gt;</a>&nbsp;&nbsp;&nbsp;__NVIC_SetPriority
</UL>
<BR>[Called By]<UL><LI><a href="#[ad]">&gt;&gt;</a>&nbsp;&nbsp;&nbsp;HAL_UART_MspInit
<LI><a href="#[78]">&gt;&gt;</a>&nbsp;&nbsp;&nbsp;EnterSleepMode
<LI><a href="#[b8]">&gt;&gt;</a>&nbsp;&nbsp;&nbsp;MX_GPIO_Init
<LI><a href="#[9b]">&gt;&gt;</a>&nbsp;&nbsp;&nbsp;HAL_InitTick
</UL>

<P><STRONG><a name="[9a]"></a>HAL_NVIC_SetPriorityGrouping</STRONG> (Thumb, 26 bytes, Stack size 0 bytes, stm32f1xx_hal_cortex.o(i.HAL_NVIC_SetPriorityGrouping))
<BR><BR>[Called By]<UL><LI><a href="#[99]">&gt;&gt;</a>&nbsp;&nbsp;&nbsp;HAL_Init
</UL>

<P><STRONG><a name="[82]"></a>HAL_PWR_EnterSTOPMode</STRONG> (Thumb, 60 bytes, Stack size 8 bytes, stm32f1xx_hal_pwr.o(i.HAL_PWR_EnterSTOPMode))
<BR><BR>[Stack]<UL><LI>Max Depth = 8<LI>Call Chain = HAL_PWR_EnterSTOPMode
</UL>
<BR>[Calls]<UL><LI><a href="#[9f]">&gt;&gt;</a>&nbsp;&nbsp;&nbsp;PWR_OverloadWfe
</UL>
<BR>[Called By]<UL><LI><a href="#[78]">&gt;&gt;</a>&nbsp;&nbsp;&nbsp;EnterSleepMode
</UL>

<P><STRONG><a name="[a0]"></a>HAL_RCC_ClockConfig</STRONG> (Thumb, 280 bytes, Stack size 32 bytes, stm32f1xx_hal_rcc.o(i.HAL_RCC_ClockConfig))
<BR><BR>[Stack]<UL><LI>Max Depth = 64<LI>Call Chain = HAL_RCC_ClockConfig &rArr; HAL_InitTick &rArr; HAL_NVIC_SetPriority
</UL>
<BR>[Calls]<UL><LI><a href="#[85]">&gt;&gt;</a>&nbsp;&nbsp;&nbsp;HAL_GetTick
<LI><a href="#[a1]">&gt;&gt;</a>&nbsp;&nbsp;&nbsp;HAL_RCC_GetSysClockFreq
<LI><a href="#[9b]">&gt;&gt;</a>&nbsp;&nbsp;&nbsp;HAL_InitTick
</UL>
<BR>[Called By]<UL><LI><a href="#[c6]">&gt;&gt;</a>&nbsp;&nbsp;&nbsp;SystemClock_Config
</UL>

<P><STRONG><a name="[93]"></a>HAL_RCC_GetPCLK1Freq</STRONG> (Thumb, 20 bytes, Stack size 0 bytes, stm32f1xx_hal_rcc.o(i.HAL_RCC_GetPCLK1Freq))
<BR><BR>[Called By]<UL><LI><a href="#[91]">&gt;&gt;</a>&nbsp;&nbsp;&nbsp;HAL_I2C_Init
<LI><a href="#[ae]">&gt;&gt;</a>&nbsp;&nbsp;&nbsp;UART_SetConfig
</UL>

<P><STRONG><a name="[c8]"></a>HAL_RCC_GetPCLK2Freq</STRONG> (Thumb, 20 bytes, Stack size 0 bytes, stm32f1xx_hal_rcc.o(i.HAL_RCC_GetPCLK2Freq))
<BR><BR>[Called By]<UL><LI><a href="#[ae]">&gt;&gt;</a>&nbsp;&nbsp;&nbsp;UART_SetConfig
</UL>

<P><STRONG><a name="[a1]"></a>HAL_RCC_GetSysClockFreq</STRONG> (Thumb, 74 bytes, Stack size 20 bytes, stm32f1xx_hal_rcc.o(i.HAL_RCC_GetSysClockFreq))
<BR><BR>[Stack]<UL><LI>Max Depth = 20<LI>Call Chain = HAL_RCC_GetSysClockFreq
</UL>
<BR>[Called By]<UL><LI><a href="#[a0]">&gt;&gt;</a>&nbsp;&nbsp;&nbsp;HAL_RCC_ClockConfig
</UL>

<P><STRONG><a name="[a2]"></a>HAL_RCC_OscConfig</STRONG> (Thumb, 778 bytes, Stack size 40 bytes, stm32f1xx_hal_rcc.o(i.HAL_RCC_OscConfig))
<BR><BR>[Stack]<UL><LI>Max Depth = 40<LI>Call Chain = HAL_RCC_OscConfig
</UL>
<BR>[Calls]<UL><LI><a href="#[85]">&gt;&gt;</a>&nbsp;&nbsp;&nbsp;HAL_GetTick
</UL>
<BR>[Called By]<UL><LI><a href="#[c6]">&gt;&gt;</a>&nbsp;&nbsp;&nbsp;SystemClock_Config
</UL>

<P><STRONG><a name="[83]"></a>HAL_ResumeTick</STRONG> (Thumb, 14 bytes, Stack size 0 bytes, stm32f1xx_hal.o(i.HAL_ResumeTick))
<BR><BR>[Called By]<UL><LI><a href="#[78]">&gt;&gt;</a>&nbsp;&nbsp;&nbsp;EnterSleepMode
</UL>

<P><STRONG><a name="[9d]"></a>HAL_SYSTICK_Config</STRONG> (Thumb, 40 bytes, Stack size 8 bytes, stm32f1xx_hal_cortex.o(i.HAL_SYSTICK_Config))
<BR><BR>[Stack]<UL><LI>Max Depth = 8<LI>Call Chain = HAL_SYSTICK_Config
</UL>
<BR>[Calls]<UL><LI><a href="#[9e]">&gt;&gt;</a>&nbsp;&nbsp;&nbsp;__NVIC_SetPriority
</UL>
<BR>[Called By]<UL><LI><a href="#[9b]">&gt;&gt;</a>&nbsp;&nbsp;&nbsp;HAL_InitTick
</UL>

<P><STRONG><a name="[81]"></a>HAL_SuspendTick</STRONG> (Thumb, 14 bytes, Stack size 0 bytes, stm32f1xx_hal.o(i.HAL_SuspendTick))
<BR><BR>[Called By]<UL><LI><a href="#[78]">&gt;&gt;</a>&nbsp;&nbsp;&nbsp;EnterSleepMode
</UL>

<P><STRONG><a name="[7d]"></a>HAL_UART_DeInit</STRONG> (Thumb, 50 bytes, Stack size 8 bytes, stm32f1xx_hal_uart.o(i.HAL_UART_DeInit))
<BR><BR>[Stack]<UL><LI>Max Depth = 44<LI>Call Chain = HAL_UART_DeInit &rArr; HAL_UART_MspDeInit &rArr; HAL_GPIO_DeInit
</UL>
<BR>[Calls]<UL><LI><a href="#[a3]">&gt;&gt;</a>&nbsp;&nbsp;&nbsp;HAL_UART_MspDeInit
</UL>
<BR>[Called By]<UL><LI><a href="#[78]">&gt;&gt;</a>&nbsp;&nbsp;&nbsp;EnterSleepMode
</UL>

<P><STRONG><a name="[a4]"></a>HAL_UART_ErrorCallback</STRONG> (Thumb, 44 bytes, Stack size 8 bytes, main.o(i.HAL_UART_ErrorCallback))
<BR><BR>[Stack]<UL><LI>Max Depth = 8<LI>Call Chain = HAL_UART_ErrorCallback
</UL>
<BR>[Calls]<UL><LI><a href="#[a5]">&gt;&gt;</a>&nbsp;&nbsp;&nbsp;HAL_UART_Receive_IT
</UL>
<BR>[Called By]<UL><LI><a href="#[a6]">&gt;&gt;</a>&nbsp;&nbsp;&nbsp;HAL_UART_IRQHandler
<LI><a href="#[3d]">&gt;&gt;</a>&nbsp;&nbsp;&nbsp;UART_DMAAbortOnError
</UL>

<P><STRONG><a name="[a6]"></a>HAL_UART_IRQHandler</STRONG> (Thumb, 266 bytes, Stack size 16 bytes, stm32f1xx_hal_uart.o(i.HAL_UART_IRQHandler))
<BR><BR>[Stack]<UL><LI>Max Depth = 52<LI>Call Chain = HAL_UART_IRQHandler &rArr; UART_Receive_IT &rArr; HAL_UART_RxCpltCallback &rArr; strcpy
</UL>
<BR>[Calls]<UL><LI><a href="#[a4]">&gt;&gt;</a>&nbsp;&nbsp;&nbsp;HAL_UART_ErrorCallback
<LI><a href="#[ab]">&gt;&gt;</a>&nbsp;&nbsp;&nbsp;HAL_UART_TxCpltCallback
<LI><a href="#[aa]">&gt;&gt;</a>&nbsp;&nbsp;&nbsp;UART_Transmit_IT
<LI><a href="#[a7]">&gt;&gt;</a>&nbsp;&nbsp;&nbsp;UART_Receive_IT
<LI><a href="#[a8]">&gt;&gt;</a>&nbsp;&nbsp;&nbsp;UART_EndRxTransfer
<LI><a href="#[a9]">&gt;&gt;</a>&nbsp;&nbsp;&nbsp;HAL_DMA_Abort_IT
</UL>
<BR>[Called By]<UL><LI><a href="#[34]">&gt;&gt;</a>&nbsp;&nbsp;&nbsp;USART3_IRQHandler
<LI><a href="#[32]">&gt;&gt;</a>&nbsp;&nbsp;&nbsp;USART1_IRQHandler
</UL>

<P><STRONG><a name="[ac]"></a>HAL_UART_Init</STRONG> (Thumb, 98 bytes, Stack size 16 bytes, stm32f1xx_hal_uart.o(i.HAL_UART_Init))
<BR><BR>[Stack]<UL><LI>Max Depth = 96<LI>Call Chain = HAL_UART_Init &rArr; HAL_UART_MspInit &rArr; HAL_GPIO_Init
</UL>
<BR>[Calls]<UL><LI><a href="#[ad]">&gt;&gt;</a>&nbsp;&nbsp;&nbsp;HAL_UART_MspInit
<LI><a href="#[ae]">&gt;&gt;</a>&nbsp;&nbsp;&nbsp;UART_SetConfig
</UL>
<BR>[Called By]<UL><LI><a href="#[4f]">&gt;&gt;</a>&nbsp;&nbsp;&nbsp;main
<LI><a href="#[b9]">&gt;&gt;</a>&nbsp;&nbsp;&nbsp;MX_USART1_UART_Init
</UL>

<P><STRONG><a name="[a3]"></a>HAL_UART_MspDeInit</STRONG> (Thumb, 70 bytes, Stack size 8 bytes, stm32f1xx_hal_msp.o(i.HAL_UART_MspDeInit))
<BR><BR>[Stack]<UL><LI>Max Depth = 36<LI>Call Chain = HAL_UART_MspDeInit &rArr; HAL_GPIO_DeInit
</UL>
<BR>[Calls]<UL><LI><a href="#[b0]">&gt;&gt;</a>&nbsp;&nbsp;&nbsp;HAL_NVIC_DisableIRQ
<LI><a href="#[af]">&gt;&gt;</a>&nbsp;&nbsp;&nbsp;HAL_GPIO_DeInit
</UL>
<BR>[Called By]<UL><LI><a href="#[7d]">&gt;&gt;</a>&nbsp;&nbsp;&nbsp;HAL_UART_DeInit
</UL>

<P><STRONG><a name="[ad]"></a>HAL_UART_MspInit</STRONG> (Thumb, 224 bytes, Stack size 40 bytes, stm32f1xx_hal_msp.o(i.HAL_UART_MspInit))
<BR><BR>[Stack]<UL><LI>Max Depth = 80<LI>Call Chain = HAL_UART_MspInit &rArr; HAL_GPIO_Init
</UL>
<BR>[Calls]<UL><LI><a href="#[7f]">&gt;&gt;</a>&nbsp;&nbsp;&nbsp;HAL_NVIC_SetPriority
<LI><a href="#[80]">&gt;&gt;</a>&nbsp;&nbsp;&nbsp;HAL_NVIC_EnableIRQ
<LI><a href="#[b0]">&gt;&gt;</a>&nbsp;&nbsp;&nbsp;HAL_NVIC_DisableIRQ
<LI><a href="#[7e]">&gt;&gt;</a>&nbsp;&nbsp;&nbsp;HAL_GPIO_Init
</UL>
<BR>[Called By]<UL><LI><a href="#[ac]">&gt;&gt;</a>&nbsp;&nbsp;&nbsp;HAL_UART_Init
</UL>

<P><STRONG><a name="[71]"></a>HAL_UART_Receive</STRONG> (Thumb, 184 bytes, Stack size 32 bytes, stm32f1xx_hal_uart.o(i.HAL_UART_Receive))
<BR><BR>[Stack]<UL><LI>Max Depth = 56<LI>Call Chain = HAL_UART_Receive &rArr; UART_WaitOnFlagUntilTimeout
</UL>
<BR>[Calls]<UL><LI><a href="#[85]">&gt;&gt;</a>&nbsp;&nbsp;&nbsp;HAL_GetTick
<LI><a href="#[b1]">&gt;&gt;</a>&nbsp;&nbsp;&nbsp;UART_WaitOnFlagUntilTimeout
</UL>
<BR>[Called By]<UL><LI><a href="#[6d]">&gt;&gt;</a>&nbsp;&nbsp;&nbsp;AS608_RecvAck
</UL>

<P><STRONG><a name="[a5]"></a>HAL_UART_Receive_IT</STRONG> (Thumb, 82 bytes, Stack size 0 bytes, stm32f1xx_hal_uart.o(i.HAL_UART_Receive_IT))
<BR><BR>[Called By]<UL><LI><a href="#[4f]">&gt;&gt;</a>&nbsp;&nbsp;&nbsp;main
<LI><a href="#[c9]">&gt;&gt;</a>&nbsp;&nbsp;&nbsp;WakeupFromSleep
<LI><a href="#[b2]">&gt;&gt;</a>&nbsp;&nbsp;&nbsp;HAL_UART_RxCpltCallback
<LI><a href="#[a4]">&gt;&gt;</a>&nbsp;&nbsp;&nbsp;HAL_UART_ErrorCallback
</UL>

<P><STRONG><a name="[b2]"></a>HAL_UART_RxCpltCallback</STRONG> (Thumb, 90 bytes, Stack size 16 bytes, main.o(i.HAL_UART_RxCpltCallback))
<BR><BR>[Stack]<UL><LI>Max Depth = 28<LI>Call Chain = HAL_UART_RxCpltCallback &rArr; strcpy
</UL>
<BR>[Calls]<UL><LI><a href="#[a5]">&gt;&gt;</a>&nbsp;&nbsp;&nbsp;HAL_UART_Receive_IT
<LI><a href="#[b3]">&gt;&gt;</a>&nbsp;&nbsp;&nbsp;strcpy
</UL>
<BR>[Called By]<UL><LI><a href="#[a7]">&gt;&gt;</a>&nbsp;&nbsp;&nbsp;UART_Receive_IT
</UL>

<P><STRONG><a name="[75]"></a>HAL_UART_Transmit</STRONG> (Thumb, 186 bytes, Stack size 32 bytes, stm32f1xx_hal_uart.o(i.HAL_UART_Transmit))
<BR><BR>[Stack]<UL><LI>Max Depth = 56<LI>Call Chain = HAL_UART_Transmit &rArr; UART_WaitOnFlagUntilTimeout
</UL>
<BR>[Calls]<UL><LI><a href="#[85]">&gt;&gt;</a>&nbsp;&nbsp;&nbsp;HAL_GetTick
<LI><a href="#[b1]">&gt;&gt;</a>&nbsp;&nbsp;&nbsp;UART_WaitOnFlagUntilTimeout
</UL>
<BR>[Called By]<UL><LI><a href="#[6c]">&gt;&gt;</a>&nbsp;&nbsp;&nbsp;AS608_SendCmd
<LI><a href="#[90]">&gt;&gt;</a>&nbsp;&nbsp;&nbsp;UART_SendString
</UL>

<P><STRONG><a name="[ab]"></a>HAL_UART_TxCpltCallback</STRONG> (Thumb, 2 bytes, Stack size 0 bytes, stm32f1xx_hal_uart.o(i.HAL_UART_TxCpltCallback))
<BR><BR>[Called By]<UL><LI><a href="#[a6]">&gt;&gt;</a>&nbsp;&nbsp;&nbsp;HAL_UART_IRQHandler
</UL>

<P><STRONG><a name="[5]"></a>HardFault_Handler</STRONG> (Thumb, 2 bytes, Stack size 0 bytes, stm32f1xx_it.o(i.HardFault_Handler))
<BR><BR>[Calls]<UL><LI><a href="#[5]">&gt;&gt;</a>&nbsp;&nbsp;&nbsp;HardFault_Handler
</UL>
<BR>[Called By]<UL><LI><a href="#[5]">&gt;&gt;</a>&nbsp;&nbsp;&nbsp;HardFault_Handler
</UL>
<BR>[Address Reference Count : 1]<UL><LI> startup_stm32f103xb.o(RESET)
</UL>
<P><STRONG><a name="[b6]"></a>Keypad_Read</STRONG> (Thumb, 126 bytes, Stack size 24 bytes, keypad_3x4_quang.o(i.Keypad_Read))
<BR><BR>[Stack]<UL><LI>Max Depth = 40<LI>Call Chain = Keypad_Read &rArr; HAL_Delay
</UL>
<BR>[Calls]<UL><LI><a href="#[8f]">&gt;&gt;</a>&nbsp;&nbsp;&nbsp;HAL_GPIO_WritePin
<LI><a href="#[b7]">&gt;&gt;</a>&nbsp;&nbsp;&nbsp;HAL_GPIO_ReadPin
<LI><a href="#[87]">&gt;&gt;</a>&nbsp;&nbsp;&nbsp;HAL_Delay
</UL>
<BR>[Called By]<UL><LI><a href="#[4f]">&gt;&gt;</a>&nbsp;&nbsp;&nbsp;main
</UL>

<P><STRONG><a name="[6]"></a>MemManage_Handler</STRONG> (Thumb, 2 bytes, Stack size 0 bytes, stm32f1xx_it.o(i.MemManage_Handler))
<BR><BR>[Calls]<UL><LI><a href="#[6]">&gt;&gt;</a>&nbsp;&nbsp;&nbsp;MemManage_Handler
</UL>
<BR>[Called By]<UL><LI><a href="#[6]">&gt;&gt;</a>&nbsp;&nbsp;&nbsp;MemManage_Handler
</UL>
<BR>[Address Reference Count : 1]<UL><LI> startup_stm32f103xb.o(RESET)
</UL>
<P><STRONG><a name="[4]"></a>NMI_Handler</STRONG> (Thumb, 2 bytes, Stack size 0 bytes, stm32f1xx_it.o(i.NMI_Handler))
<BR><BR>[Calls]<UL><LI><a href="#[4]">&gt;&gt;</a>&nbsp;&nbsp;&nbsp;NMI_Handler
</UL>
<BR>[Called By]<UL><LI><a href="#[4]">&gt;&gt;</a>&nbsp;&nbsp;&nbsp;NMI_Handler
</UL>
<BR>[Address Reference Count : 1]<UL><LI> startup_stm32f103xb.o(RESET)
</UL>
<P><STRONG><a name="[ba]"></a>OLED_ShowMenu</STRONG> (Thumb, 10 bytes, Stack size 0 bytes, main.o(i.OLED_ShowMenu))
<BR><BR>[Stack]<UL><LI>Max Depth = 216<LI>Call Chain = OLED_ShowMenu &rArr; OLED_ShowText &rArr; ssd1306_UpdateScreen &rArr; ssd1306_WriteCommand &rArr; HAL_I2C_Mem_Write &rArr; I2C_RequestMemoryWrite &rArr; I2C_WaitOnMasterAddressFlagUntilTimeout
</UL>
<BR>[Calls]<UL><LI><a href="#[bb]">&gt;&gt;</a>&nbsp;&nbsp;&nbsp;OLED_ShowText
</UL>
<BR>[Called By]<UL><LI><a href="#[4f]">&gt;&gt;</a>&nbsp;&nbsp;&nbsp;main
<LI><a href="#[c9]">&gt;&gt;</a>&nbsp;&nbsp;&nbsp;WakeupFromSleep
<LI><a href="#[c3]">&gt;&gt;</a>&nbsp;&nbsp;&nbsp;ResetToMenu
</UL>

<P><STRONG><a name="[bc]"></a>OLED_ShowOTPEntry</STRONG> (Thumb, 58 bytes, Stack size 48 bytes, main.o(i.OLED_ShowOTPEntry))
<BR><BR>[Stack]<UL><LI>Max Depth = 264 + Unknown Stack Size
<LI>Call Chain = OLED_ShowOTPEntry &rArr; OLED_ShowText &rArr; ssd1306_UpdateScreen &rArr; ssd1306_WriteCommand &rArr; HAL_I2C_Mem_Write &rArr; I2C_RequestMemoryWrite &rArr; I2C_WaitOnMasterAddressFlagUntilTimeout
</UL>
<BR>[Calls]<UL><LI><a href="#[bb]">&gt;&gt;</a>&nbsp;&nbsp;&nbsp;OLED_ShowText
<LI><a href="#[55]">&gt;&gt;</a>&nbsp;&nbsp;&nbsp;__2snprintf
</UL>
<BR>[Called By]<UL><LI><a href="#[4f]">&gt;&gt;</a>&nbsp;&nbsp;&nbsp;main
</UL>

<P><STRONG><a name="[bd]"></a>OLED_ShowPinEntry</STRONG> (Thumb, 74 bytes, Stack size 88 bytes, main.o(i.OLED_ShowPinEntry))
<BR><BR>[Stack]<UL><LI>Max Depth = 304 + Unknown Stack Size
<LI>Call Chain = OLED_ShowPinEntry &rArr; OLED_ShowText &rArr; ssd1306_UpdateScreen &rArr; ssd1306_WriteCommand &rArr; HAL_I2C_Mem_Write &rArr; I2C_RequestMemoryWrite &rArr; I2C_WaitOnMasterAddressFlagUntilTimeout
</UL>
<BR>[Calls]<UL><LI><a href="#[bb]">&gt;&gt;</a>&nbsp;&nbsp;&nbsp;OLED_ShowText
<LI><a href="#[55]">&gt;&gt;</a>&nbsp;&nbsp;&nbsp;__2snprintf
</UL>
<BR>[Called By]<UL><LI><a href="#[4f]">&gt;&gt;</a>&nbsp;&nbsp;&nbsp;main
</UL>

<P><STRONG><a name="[bb]"></a>OLED_ShowText</STRONG> (Thumb, 94 bytes, Stack size 24 bytes, main.o(i.OLED_ShowText))
<BR><BR>[Stack]<UL><LI>Max Depth = 216<LI>Call Chain = OLED_ShowText &rArr; ssd1306_UpdateScreen &rArr; ssd1306_WriteCommand &rArr; HAL_I2C_Mem_Write &rArr; I2C_RequestMemoryWrite &rArr; I2C_WaitOnMasterAddressFlagUntilTimeout
</UL>
<BR>[Calls]<UL><LI><a href="#[bf]">&gt;&gt;</a>&nbsp;&nbsp;&nbsp;ssd1306_WriteString
<LI><a href="#[7a]">&gt;&gt;</a>&nbsp;&nbsp;&nbsp;ssd1306_UpdateScreen
<LI><a href="#[be]">&gt;&gt;</a>&nbsp;&nbsp;&nbsp;ssd1306_SetCursor
<LI><a href="#[79]">&gt;&gt;</a>&nbsp;&nbsp;&nbsp;ssd1306_Fill
</UL>
<BR>[Called By]<UL><LI><a href="#[4f]">&gt;&gt;</a>&nbsp;&nbsp;&nbsp;main
<LI><a href="#[c9]">&gt;&gt;</a>&nbsp;&nbsp;&nbsp;WakeupFromSleep
<LI><a href="#[c0]">&gt;&gt;</a>&nbsp;&nbsp;&nbsp;ProcessUARTCommand
<LI><a href="#[bd]">&gt;&gt;</a>&nbsp;&nbsp;&nbsp;OLED_ShowPinEntry
<LI><a href="#[bc]">&gt;&gt;</a>&nbsp;&nbsp;&nbsp;OLED_ShowOTPEntry
<LI><a href="#[ba]">&gt;&gt;</a>&nbsp;&nbsp;&nbsp;OLED_ShowMenu
</UL>

<P><STRONG><a name="[b]"></a>PendSV_Handler</STRONG> (Thumb, 2 bytes, Stack size 0 bytes, stm32f1xx_it.o(i.PendSV_Handler))
<BR>[Address Reference Count : 1]<UL><LI> startup_stm32f103xb.o(RESET)
</UL>
<P><STRONG><a name="[c0]"></a>ProcessUARTCommand</STRONG> (Thumb, 256 bytes, Stack size 40 bytes, main.o(i.ProcessUARTCommand))
<BR><BR>[Stack]<UL><LI>Max Depth = 272 + Unknown Stack Size
<LI>Call Chain = ProcessUARTCommand &rArr; ResetToMenu &rArr; OLED_ShowMenu &rArr; OLED_ShowText &rArr; ssd1306_UpdateScreen &rArr; ssd1306_WriteCommand &rArr; HAL_I2C_Mem_Write &rArr; I2C_RequestMemoryWrite &rArr; I2C_WaitOnMasterAddressFlagUntilTimeout
</UL>
<BR>[Calls]<UL><LI><a href="#[85]">&gt;&gt;</a>&nbsp;&nbsp;&nbsp;HAL_GetTick
<LI><a href="#[87]">&gt;&gt;</a>&nbsp;&nbsp;&nbsp;HAL_Delay
<LI><a href="#[90]">&gt;&gt;</a>&nbsp;&nbsp;&nbsp;UART_SendString
<LI><a href="#[c3]">&gt;&gt;</a>&nbsp;&nbsp;&nbsp;ResetToMenu
<LI><a href="#[c2]">&gt;&gt;</a>&nbsp;&nbsp;&nbsp;Relay_Open
<LI><a href="#[7c]">&gt;&gt;</a>&nbsp;&nbsp;&nbsp;Relay_Close
<LI><a href="#[bb]">&gt;&gt;</a>&nbsp;&nbsp;&nbsp;OLED_ShowText
<LI><a href="#[c1]">&gt;&gt;</a>&nbsp;&nbsp;&nbsp;strstr
<LI><a href="#[5b]">&gt;&gt;</a>&nbsp;&nbsp;&nbsp;atoi
<LI><a href="#[55]">&gt;&gt;</a>&nbsp;&nbsp;&nbsp;__2snprintf
</UL>
<BR>[Called By]<UL><LI><a href="#[4f]">&gt;&gt;</a>&nbsp;&nbsp;&nbsp;main
<LI><a href="#[c9]">&gt;&gt;</a>&nbsp;&nbsp;&nbsp;WakeupFromSleep
</UL>

<P><STRONG><a name="[7c]"></a>Relay_Close</STRONG> (Thumb, 12 bytes, Stack size 0 bytes, main.o(i.Relay_Close))
<BR><BR>[Calls]<UL><LI><a href="#[8f]">&gt;&gt;</a>&nbsp;&nbsp;&nbsp;HAL_GPIO_WritePin
</UL>
<BR>[Called By]<UL><LI><a href="#[4f]">&gt;&gt;</a>&nbsp;&nbsp;&nbsp;main
<LI><a href="#[c0]">&gt;&gt;</a>&nbsp;&nbsp;&nbsp;ProcessUARTCommand
<LI><a href="#[78]">&gt;&gt;</a>&nbsp;&nbsp;&nbsp;EnterSleepMode
</UL>

<P><STRONG><a name="[c2]"></a>Relay_Open</STRONG> (Thumb, 10 bytes, Stack size 0 bytes, main.o(i.Relay_Open))
<BR><BR>[Calls]<UL><LI><a href="#[8f]">&gt;&gt;</a>&nbsp;&nbsp;&nbsp;HAL_GPIO_WritePin
</UL>
<BR>[Called By]<UL><LI><a href="#[4f]">&gt;&gt;</a>&nbsp;&nbsp;&nbsp;main
<LI><a href="#[c0]">&gt;&gt;</a>&nbsp;&nbsp;&nbsp;ProcessUARTCommand
</UL>

<P><STRONG><a name="[c3]"></a>ResetToMenu</STRONG> (Thumb, 40 bytes, Stack size 16 bytes, main.o(i.ResetToMenu))
<BR><BR>[Stack]<UL><LI>Max Depth = 232<LI>Call Chain = ResetToMenu &rArr; OLED_ShowMenu &rArr; OLED_ShowText &rArr; ssd1306_UpdateScreen &rArr; ssd1306_WriteCommand &rArr; HAL_I2C_Mem_Write &rArr; I2C_RequestMemoryWrite &rArr; I2C_WaitOnMasterAddressFlagUntilTimeout
</UL>
<BR>[Calls]<UL><LI><a href="#[85]">&gt;&gt;</a>&nbsp;&nbsp;&nbsp;HAL_GetTick
<LI><a href="#[ba]">&gt;&gt;</a>&nbsp;&nbsp;&nbsp;OLED_ShowMenu
<LI><a href="#[c4]">&gt;&gt;</a>&nbsp;&nbsp;&nbsp;__aeabi_memclr4
</UL>
<BR>[Called By]<UL><LI><a href="#[4f]">&gt;&gt;</a>&nbsp;&nbsp;&nbsp;main
<LI><a href="#[c0]">&gt;&gt;</a>&nbsp;&nbsp;&nbsp;ProcessUARTCommand
</UL>

<P><STRONG><a name="[9]"></a>SVC_Handler</STRONG> (Thumb, 2 bytes, Stack size 0 bytes, stm32f1xx_it.o(i.SVC_Handler))
<BR>[Address Reference Count : 1]<UL><LI> startup_stm32f103xb.o(RESET)
</UL>
<P><STRONG><a name="[c]"></a>SysTick_Handler</STRONG> (Thumb, 4 bytes, Stack size 0 bytes, stm32f1xx_it.o(i.SysTick_Handler))
<BR><BR>[Calls]<UL><LI><a href="#[c5]">&gt;&gt;</a>&nbsp;&nbsp;&nbsp;HAL_IncTick
</UL>
<BR>[Address Reference Count : 1]<UL><LI> startup_stm32f103xb.o(RESET)
</UL>
<P><STRONG><a name="[c6]"></a>SystemClock_Config</STRONG> (Thumb, 94 bytes, Stack size 72 bytes, main.o(i.SystemClock_Config))
<BR><BR>[Stack]<UL><LI>Max Depth = 136<LI>Call Chain = SystemClock_Config &rArr; HAL_RCC_ClockConfig &rArr; HAL_InitTick &rArr; HAL_NVIC_SetPriority
</UL>
<BR>[Calls]<UL><LI><a href="#[a2]">&gt;&gt;</a>&nbsp;&nbsp;&nbsp;HAL_RCC_OscConfig
<LI><a href="#[a0]">&gt;&gt;</a>&nbsp;&nbsp;&nbsp;HAL_RCC_ClockConfig
<LI><a href="#[c4]">&gt;&gt;</a>&nbsp;&nbsp;&nbsp;__aeabi_memclr4
</UL>
<BR>[Called By]<UL><LI><a href="#[4f]">&gt;&gt;</a>&nbsp;&nbsp;&nbsp;main
<LI><a href="#[c9]">&gt;&gt;</a>&nbsp;&nbsp;&nbsp;WakeupFromSleep
</UL>

<P><STRONG><a name="[38]"></a>SystemInit</STRONG> (Thumb, 2 bytes, Stack size 0 bytes, system_stm32f1xx.o(i.SystemInit))
<BR>[Address Reference Count : 1]<UL><LI> startup_stm32f103xb.o(.text)
</UL>
<P><STRONG><a name="[90]"></a>UART_SendString</STRONG> (Thumb, 24 bytes, Stack size 8 bytes, main.o(i.UART_SendString))
<BR><BR>[Stack]<UL><LI>Max Depth = 64<LI>Call Chain = UART_SendString &rArr; HAL_UART_Transmit &rArr; UART_WaitOnFlagUntilTimeout
</UL>
<BR>[Calls]<UL><LI><a href="#[75]">&gt;&gt;</a>&nbsp;&nbsp;&nbsp;HAL_UART_Transmit
<LI><a href="#[c7]">&gt;&gt;</a>&nbsp;&nbsp;&nbsp;strlen
</UL>
<BR>[Called By]<UL><LI><a href="#[4f]">&gt;&gt;</a>&nbsp;&nbsp;&nbsp;main
<LI><a href="#[c9]">&gt;&gt;</a>&nbsp;&nbsp;&nbsp;WakeupFromSleep
<LI><a href="#[c0]">&gt;&gt;</a>&nbsp;&nbsp;&nbsp;ProcessUARTCommand
<LI><a href="#[8e]">&gt;&gt;</a>&nbsp;&nbsp;&nbsp;HAL_GPIO_EXTI_Callback
</UL>

<P><STRONG><a name="[32]"></a>USART1_IRQHandler</STRONG> (Thumb, 6 bytes, Stack size 0 bytes, stm32f1xx_it.o(i.USART1_IRQHandler))
<BR><BR>[Stack]<UL><LI>Max Depth = 52<LI>Call Chain = USART1_IRQHandler &rArr; HAL_UART_IRQHandler &rArr; UART_Receive_IT &rArr; HAL_UART_RxCpltCallback &rArr; strcpy
</UL>
<BR>[Calls]<UL><LI><a href="#[a6]">&gt;&gt;</a>&nbsp;&nbsp;&nbsp;HAL_UART_IRQHandler
</UL>
<BR>[Address Reference Count : 1]<UL><LI> startup_stm32f103xb.o(RESET)
</UL>
<P><STRONG><a name="[34]"></a>USART3_IRQHandler</STRONG> (Thumb, 6 bytes, Stack size 0 bytes, stm32f1xx_it.o(i.USART3_IRQHandler))
<BR><BR>[Stack]<UL><LI>Max Depth = 52<LI>Call Chain = USART3_IRQHandler &rArr; HAL_UART_IRQHandler &rArr; UART_Receive_IT &rArr; HAL_UART_RxCpltCallback &rArr; strcpy
</UL>
<BR>[Calls]<UL><LI><a href="#[a6]">&gt;&gt;</a>&nbsp;&nbsp;&nbsp;HAL_UART_IRQHandler
</UL>
<BR>[Address Reference Count : 1]<UL><LI> startup_stm32f103xb.o(RESET)
</UL>
<P><STRONG><a name="[8]"></a>UsageFault_Handler</STRONG> (Thumb, 2 bytes, Stack size 0 bytes, stm32f1xx_it.o(i.UsageFault_Handler))
<BR><BR>[Calls]<UL><LI><a href="#[8]">&gt;&gt;</a>&nbsp;&nbsp;&nbsp;UsageFault_Handler
</UL>
<BR>[Called By]<UL><LI><a href="#[8]">&gt;&gt;</a>&nbsp;&nbsp;&nbsp;UsageFault_Handler
</UL>
<BR>[Address Reference Count : 1]<UL><LI> startup_stm32f103xb.o(RESET)
</UL>
<P><STRONG><a name="[c9]"></a>WakeupFromSleep</STRONG> (Thumb, 206 bytes, Stack size 24 bytes, main.o(i.WakeupFromSleep))
<BR><BR>[Stack]<UL><LI>Max Depth = 296 + Unknown Stack Size
<LI>Call Chain = WakeupFromSleep &rArr; ProcessUARTCommand &rArr; ResetToMenu &rArr; OLED_ShowMenu &rArr; OLED_ShowText &rArr; ssd1306_UpdateScreen &rArr; ssd1306_WriteCommand &rArr; HAL_I2C_Mem_Write &rArr; I2C_RequestMemoryWrite &rArr; I2C_WaitOnMasterAddressFlagUntilTimeout
</UL>
<BR>[Calls]<UL><LI><a href="#[7b]">&gt;&gt;</a>&nbsp;&nbsp;&nbsp;ssd1306_SetDisplayOn
<LI><a href="#[a5]">&gt;&gt;</a>&nbsp;&nbsp;&nbsp;HAL_UART_Receive_IT
<LI><a href="#[b0]">&gt;&gt;</a>&nbsp;&nbsp;&nbsp;HAL_NVIC_DisableIRQ
<LI><a href="#[85]">&gt;&gt;</a>&nbsp;&nbsp;&nbsp;HAL_GetTick
<LI><a href="#[af]">&gt;&gt;</a>&nbsp;&nbsp;&nbsp;HAL_GPIO_DeInit
<LI><a href="#[87]">&gt;&gt;</a>&nbsp;&nbsp;&nbsp;HAL_Delay
<LI><a href="#[90]">&gt;&gt;</a>&nbsp;&nbsp;&nbsp;UART_SendString
<LI><a href="#[c6]">&gt;&gt;</a>&nbsp;&nbsp;&nbsp;SystemClock_Config
<LI><a href="#[c0]">&gt;&gt;</a>&nbsp;&nbsp;&nbsp;ProcessUARTCommand
<LI><a href="#[bb]">&gt;&gt;</a>&nbsp;&nbsp;&nbsp;OLED_ShowText
<LI><a href="#[ba]">&gt;&gt;</a>&nbsp;&nbsp;&nbsp;OLED_ShowMenu
<LI><a href="#[b9]">&gt;&gt;</a>&nbsp;&nbsp;&nbsp;MX_USART1_UART_Init
<LI><a href="#[c4]">&gt;&gt;</a>&nbsp;&nbsp;&nbsp;__aeabi_memclr4
<LI><a href="#[70]">&gt;&gt;</a>&nbsp;&nbsp;&nbsp;__aeabi_memclr
</UL>
<BR>[Called By]<UL><LI><a href="#[4f]">&gt;&gt;</a>&nbsp;&nbsp;&nbsp;main
</UL>

<P><STRONG><a name="[ca]"></a>Write_Layer2_Status</STRONG> (Thumb, 52 bytes, Stack size 32 bytes, main.o(i.Write_Layer2_Status))
<BR><BR>[Stack]<UL><LI>Max Depth = 88<LI>Call Chain = Write_Layer2_Status &rArr; HAL_FLASH_Program &rArr; FLASH_WaitForLastOperation
</UL>
<BR>[Calls]<UL><LI><a href="#[cb]">&gt;&gt;</a>&nbsp;&nbsp;&nbsp;HAL_FLASH_Unlock
<LI><a href="#[8b]">&gt;&gt;</a>&nbsp;&nbsp;&nbsp;HAL_FLASH_Program
<LI><a href="#[cc]">&gt;&gt;</a>&nbsp;&nbsp;&nbsp;HAL_FLASH_Lock
<LI><a href="#[88]">&gt;&gt;</a>&nbsp;&nbsp;&nbsp;HAL_FLASHEx_Erase
</UL>
<BR>[Called By]<UL><LI><a href="#[4f]">&gt;&gt;</a>&nbsp;&nbsp;&nbsp;main
</UL>

<P><STRONG><a name="[4f]"></a>main</STRONG> (Thumb, 2190 bytes, Stack size 88 bytes, main.o(i.main))
<BR><BR>[Stack]<UL><LI>Max Depth = 392 + Unknown Stack Size
<LI>Call Chain = main &rArr; OLED_ShowPinEntry &rArr; OLED_ShowText &rArr; ssd1306_UpdateScreen &rArr; ssd1306_WriteCommand &rArr; HAL_I2C_Mem_Write &rArr; I2C_RequestMemoryWrite &rArr; I2C_WaitOnMasterAddressFlagUntilTimeout
</UL>
<BR>[Calls]<UL><LI><a href="#[cd]">&gt;&gt;</a>&nbsp;&nbsp;&nbsp;ssd1306_Init
<LI><a href="#[b6]">&gt;&gt;</a>&nbsp;&nbsp;&nbsp;Keypad_Read
<LI><a href="#[a5]">&gt;&gt;</a>&nbsp;&nbsp;&nbsp;HAL_UART_Receive_IT
<LI><a href="#[ac]">&gt;&gt;</a>&nbsp;&nbsp;&nbsp;HAL_UART_Init
<LI><a href="#[99]">&gt;&gt;</a>&nbsp;&nbsp;&nbsp;HAL_Init
<LI><a href="#[91]">&gt;&gt;</a>&nbsp;&nbsp;&nbsp;HAL_I2C_Init
<LI><a href="#[85]">&gt;&gt;</a>&nbsp;&nbsp;&nbsp;HAL_GetTick
<LI><a href="#[8f]">&gt;&gt;</a>&nbsp;&nbsp;&nbsp;HAL_GPIO_WritePin
<LI><a href="#[b7]">&gt;&gt;</a>&nbsp;&nbsp;&nbsp;HAL_GPIO_ReadPin
<LI><a href="#[7e]">&gt;&gt;</a>&nbsp;&nbsp;&nbsp;HAL_GPIO_Init
<LI><a href="#[87]">&gt;&gt;</a>&nbsp;&nbsp;&nbsp;HAL_Delay
<LI><a href="#[76]">&gt;&gt;</a>&nbsp;&nbsp;&nbsp;AS608_Store
<LI><a href="#[74]">&gt;&gt;</a>&nbsp;&nbsp;&nbsp;AS608_Search
<LI><a href="#[73]">&gt;&gt;</a>&nbsp;&nbsp;&nbsp;AS608_RegModel
<LI><a href="#[6f]">&gt;&gt;</a>&nbsp;&nbsp;&nbsp;AS608_Init
<LI><a href="#[6e]">&gt;&gt;</a>&nbsp;&nbsp;&nbsp;AS608_GetImage
<LI><a href="#[6b]">&gt;&gt;</a>&nbsp;&nbsp;&nbsp;AS608_GenChar
<LI><a href="#[ca]">&gt;&gt;</a>&nbsp;&nbsp;&nbsp;Write_Layer2_Status
<LI><a href="#[c9]">&gt;&gt;</a>&nbsp;&nbsp;&nbsp;WakeupFromSleep
<LI><a href="#[90]">&gt;&gt;</a>&nbsp;&nbsp;&nbsp;UART_SendString
<LI><a href="#[c6]">&gt;&gt;</a>&nbsp;&nbsp;&nbsp;SystemClock_Config
<LI><a href="#[c3]">&gt;&gt;</a>&nbsp;&nbsp;&nbsp;ResetToMenu
<LI><a href="#[c2]">&gt;&gt;</a>&nbsp;&nbsp;&nbsp;Relay_Open
<LI><a href="#[7c]">&gt;&gt;</a>&nbsp;&nbsp;&nbsp;Relay_Close
<LI><a href="#[c0]">&gt;&gt;</a>&nbsp;&nbsp;&nbsp;ProcessUARTCommand
<LI><a href="#[bb]">&gt;&gt;</a>&nbsp;&nbsp;&nbsp;OLED_ShowText
<LI><a href="#[bd]">&gt;&gt;</a>&nbsp;&nbsp;&nbsp;OLED_ShowPinEntry
<LI><a href="#[bc]">&gt;&gt;</a>&nbsp;&nbsp;&nbsp;OLED_ShowOTPEntry
<LI><a href="#[ba]">&gt;&gt;</a>&nbsp;&nbsp;&nbsp;OLED_ShowMenu
<LI><a href="#[78]">&gt;&gt;</a>&nbsp;&nbsp;&nbsp;EnterSleepMode
<LI><a href="#[b9]">&gt;&gt;</a>&nbsp;&nbsp;&nbsp;MX_USART1_UART_Init
<LI><a href="#[b8]">&gt;&gt;</a>&nbsp;&nbsp;&nbsp;MX_GPIO_Init
<LI><a href="#[c4]">&gt;&gt;</a>&nbsp;&nbsp;&nbsp;__aeabi_memclr4
<LI><a href="#[70]">&gt;&gt;</a>&nbsp;&nbsp;&nbsp;__aeabi_memclr
<LI><a href="#[c1]">&gt;&gt;</a>&nbsp;&nbsp;&nbsp;strstr
<LI><a href="#[55]">&gt;&gt;</a>&nbsp;&nbsp;&nbsp;__2snprintf
</UL>
<BR>[Called By]<UL><LI><a href="#[4e]">&gt;&gt;</a>&nbsp;&nbsp;&nbsp;__rt_entry_main
</UL>

<P><STRONG><a name="[d0]"></a>ssd1306_DrawPixel</STRONG> (Thumb, 54 bytes, Stack size 16 bytes, ssd1306.o(i.ssd1306_DrawPixel))
<BR><BR>[Stack]<UL><LI>Max Depth = 16<LI>Call Chain = ssd1306_DrawPixel
</UL>
<BR>[Called By]<UL><LI><a href="#[cf]">&gt;&gt;</a>&nbsp;&nbsp;&nbsp;ssd1306_WriteChar
</UL>

<P><STRONG><a name="[79]"></a>ssd1306_Fill</STRONG> (Thumb, 28 bytes, Stack size 8 bytes, ssd1306.o(i.ssd1306_Fill))
<BR><BR>[Stack]<UL><LI>Max Depth = 8<LI>Call Chain = ssd1306_Fill
</UL>
<BR>[Called By]<UL><LI><a href="#[cd]">&gt;&gt;</a>&nbsp;&nbsp;&nbsp;ssd1306_Init
<LI><a href="#[bb]">&gt;&gt;</a>&nbsp;&nbsp;&nbsp;OLED_ShowText
<LI><a href="#[78]">&gt;&gt;</a>&nbsp;&nbsp;&nbsp;EnterSleepMode
</UL>

<P><STRONG><a name="[cd]"></a>ssd1306_Init</STRONG> (Thumb, 324 bytes, Stack size 16 bytes, ssd1306.o(i.ssd1306_Init))
<BR><BR>[Stack]<UL><LI>Max Depth = 208<LI>Call Chain = ssd1306_Init &rArr; ssd1306_UpdateScreen &rArr; ssd1306_WriteCommand &rArr; HAL_I2C_Mem_Write &rArr; I2C_RequestMemoryWrite &rArr; I2C_WaitOnMasterAddressFlagUntilTimeout
</UL>
<BR>[Calls]<UL><LI><a href="#[ce]">&gt;&gt;</a>&nbsp;&nbsp;&nbsp;ssd1306_WriteCommand
<LI><a href="#[7a]">&gt;&gt;</a>&nbsp;&nbsp;&nbsp;ssd1306_UpdateScreen
<LI><a href="#[79]">&gt;&gt;</a>&nbsp;&nbsp;&nbsp;ssd1306_Fill
<LI><a href="#[87]">&gt;&gt;</a>&nbsp;&nbsp;&nbsp;HAL_Delay
</UL>
<BR>[Called By]<UL><LI><a href="#[4f]">&gt;&gt;</a>&nbsp;&nbsp;&nbsp;main
</UL>

<P><STRONG><a name="[be]"></a>ssd1306_SetCursor</STRONG> (Thumb, 8 bytes, Stack size 0 bytes, ssd1306.o(i.ssd1306_SetCursor))
<BR><BR>[Called By]<UL><LI><a href="#[bb]">&gt;&gt;</a>&nbsp;&nbsp;&nbsp;OLED_ShowText
</UL>

<P><STRONG><a name="[7b]"></a>ssd1306_SetDisplayOn</STRONG> (Thumb, 36 bytes, Stack size 24 bytes, ssd1306.o(i.ssd1306_SetDisplayOn))
<BR><BR>[Stack]<UL><LI>Max Depth = 152<LI>Call Chain = ssd1306_SetDisplayOn &rArr; HAL_I2C_Mem_Write &rArr; I2C_RequestMemoryWrite &rArr; I2C_WaitOnMasterAddressFlagUntilTimeout
</UL>
<BR>[Calls]<UL><LI><a href="#[94]">&gt;&gt;</a>&nbsp;&nbsp;&nbsp;HAL_I2C_Mem_Write
</UL>
<BR>[Called By]<UL><LI><a href="#[c9]">&gt;&gt;</a>&nbsp;&nbsp;&nbsp;WakeupFromSleep
<LI><a href="#[78]">&gt;&gt;</a>&nbsp;&nbsp;&nbsp;EnterSleepMode
</UL>

<P><STRONG><a name="[7a]"></a>ssd1306_UpdateScreen</STRONG> (Thumb, 78 bytes, Stack size 40 bytes, ssd1306.o(i.ssd1306_UpdateScreen))
<BR><BR>[Stack]<UL><LI>Max Depth = 192<LI>Call Chain = ssd1306_UpdateScreen &rArr; ssd1306_WriteCommand &rArr; HAL_I2C_Mem_Write &rArr; I2C_RequestMemoryWrite &rArr; I2C_WaitOnMasterAddressFlagUntilTimeout
</UL>
<BR>[Calls]<UL><LI><a href="#[94]">&gt;&gt;</a>&nbsp;&nbsp;&nbsp;HAL_I2C_Mem_Write
<LI><a href="#[ce]">&gt;&gt;</a>&nbsp;&nbsp;&nbsp;ssd1306_WriteCommand
</UL>
<BR>[Called By]<UL><LI><a href="#[cd]">&gt;&gt;</a>&nbsp;&nbsp;&nbsp;ssd1306_Init
<LI><a href="#[bb]">&gt;&gt;</a>&nbsp;&nbsp;&nbsp;OLED_ShowText
<LI><a href="#[78]">&gt;&gt;</a>&nbsp;&nbsp;&nbsp;EnterSleepMode
</UL>

<P><STRONG><a name="[cf]"></a>ssd1306_WriteChar</STRONG> (Thumb, 150 bytes, Stack size 52 bytes, ssd1306.o(i.ssd1306_WriteChar))
<BR><BR>[Stack]<UL><LI>Max Depth = 68<LI>Call Chain = ssd1306_WriteChar &rArr; ssd1306_DrawPixel
</UL>
<BR>[Calls]<UL><LI><a href="#[d0]">&gt;&gt;</a>&nbsp;&nbsp;&nbsp;ssd1306_DrawPixel
</UL>
<BR>[Called By]<UL><LI><a href="#[bf]">&gt;&gt;</a>&nbsp;&nbsp;&nbsp;ssd1306_WriteString
</UL>

<P><STRONG><a name="[bf]"></a>ssd1306_WriteString</STRONG> (Thumb, 44 bytes, Stack size 20 bytes, ssd1306.o(i.ssd1306_WriteString))
<BR><BR>[Stack]<UL><LI>Max Depth = 88<LI>Call Chain = ssd1306_WriteString &rArr; ssd1306_WriteChar &rArr; ssd1306_DrawPixel
</UL>
<BR>[Calls]<UL><LI><a href="#[cf]">&gt;&gt;</a>&nbsp;&nbsp;&nbsp;ssd1306_WriteChar
</UL>
<BR>[Called By]<UL><LI><a href="#[bb]">&gt;&gt;</a>&nbsp;&nbsp;&nbsp;OLED_ShowText
</UL>

<P><STRONG><a name="[3c]"></a>_get_lc_ctype</STRONG> (Thumb, 44 bytes, Stack size 8 bytes, lc_ctype_c.o(locale$$code))
<BR><BR>[Stack]<UL><LI>Max Depth = 8<LI>Call Chain = _get_lc_ctype
</UL>
<BR>[Calls]<UL><LI><a href="#[d1]">&gt;&gt;</a>&nbsp;&nbsp;&nbsp;strcmp
</UL>
<BR>[Called By]<UL><LI><a href="#[49]">&gt;&gt;</a>&nbsp;&nbsp;&nbsp;__rt_lib_init_lc_ctype_2
</UL>
<BR>[Address Reference Count : 1]<UL><LI> rt_ctype_table.o(.text)
</UL><P>
<H3>
Local Symbols
</H3>
<P><STRONG><a name="[b8]"></a>MX_GPIO_Init</STRONG> (Thumb, 304 bytes, Stack size 48 bytes, main.o(i.MX_GPIO_Init))
<BR><BR>[Stack]<UL><LI>Max Depth = 88<LI>Call Chain = MX_GPIO_Init &rArr; HAL_GPIO_Init
</UL>
<BR>[Calls]<UL><LI><a href="#[7f]">&gt;&gt;</a>&nbsp;&nbsp;&nbsp;HAL_NVIC_SetPriority
<LI><a href="#[80]">&gt;&gt;</a>&nbsp;&nbsp;&nbsp;HAL_NVIC_EnableIRQ
<LI><a href="#[8f]">&gt;&gt;</a>&nbsp;&nbsp;&nbsp;HAL_GPIO_WritePin
<LI><a href="#[7e]">&gt;&gt;</a>&nbsp;&nbsp;&nbsp;HAL_GPIO_Init
</UL>
<BR>[Called By]<UL><LI><a href="#[4f]">&gt;&gt;</a>&nbsp;&nbsp;&nbsp;main
</UL>

<P><STRONG><a name="[b9]"></a>MX_USART1_UART_Init</STRONG> (Thumb, 44 bytes, Stack size 8 bytes, main.o(i.MX_USART1_UART_Init))
<BR><BR>[Stack]<UL><LI>Max Depth = 104<LI>Call Chain = MX_USART1_UART_Init &rArr; HAL_UART_Init &rArr; HAL_UART_MspInit &rArr; HAL_GPIO_Init
</UL>
<BR>[Calls]<UL><LI><a href="#[ac]">&gt;&gt;</a>&nbsp;&nbsp;&nbsp;HAL_UART_Init
</UL>
<BR>[Called By]<UL><LI><a href="#[4f]">&gt;&gt;</a>&nbsp;&nbsp;&nbsp;main
<LI><a href="#[c9]">&gt;&gt;</a>&nbsp;&nbsp;&nbsp;WakeupFromSleep
</UL>

<P><STRONG><a name="[6d]"></a>AS608_RecvAck</STRONG> (Thumb, 138 bytes, Stack size 32 bytes, as608.o(i.AS608_RecvAck))
<BR><BR>[Stack]<UL><LI>Max Depth = 88<LI>Call Chain = AS608_RecvAck &rArr; HAL_UART_Receive &rArr; UART_WaitOnFlagUntilTimeout
</UL>
<BR>[Calls]<UL><LI><a href="#[71]">&gt;&gt;</a>&nbsp;&nbsp;&nbsp;HAL_UART_Receive
<LI><a href="#[70]">&gt;&gt;</a>&nbsp;&nbsp;&nbsp;__aeabi_memclr
<LI><a href="#[72]">&gt;&gt;</a>&nbsp;&nbsp;&nbsp;__aeabi_memcpy
</UL>
<BR>[Called By]<UL><LI><a href="#[76]">&gt;&gt;</a>&nbsp;&nbsp;&nbsp;AS608_Store
<LI><a href="#[74]">&gt;&gt;</a>&nbsp;&nbsp;&nbsp;AS608_Search
<LI><a href="#[73]">&gt;&gt;</a>&nbsp;&nbsp;&nbsp;AS608_RegModel
<LI><a href="#[6f]">&gt;&gt;</a>&nbsp;&nbsp;&nbsp;AS608_Init
<LI><a href="#[6e]">&gt;&gt;</a>&nbsp;&nbsp;&nbsp;AS608_GetImage
<LI><a href="#[6b]">&gt;&gt;</a>&nbsp;&nbsp;&nbsp;AS608_GenChar
</UL>

<P><STRONG><a name="[6c]"></a>AS608_SendCmd</STRONG> (Thumb, 186 bytes, Stack size 32 bytes, as608.o(i.AS608_SendCmd))
<BR><BR>[Stack]<UL><LI>Max Depth = 88<LI>Call Chain = AS608_SendCmd &rArr; HAL_UART_Transmit &rArr; UART_WaitOnFlagUntilTimeout
</UL>
<BR>[Calls]<UL><LI><a href="#[75]">&gt;&gt;</a>&nbsp;&nbsp;&nbsp;HAL_UART_Transmit
<LI><a href="#[72]">&gt;&gt;</a>&nbsp;&nbsp;&nbsp;__aeabi_memcpy
</UL>
<BR>[Called By]<UL><LI><a href="#[76]">&gt;&gt;</a>&nbsp;&nbsp;&nbsp;AS608_Store
<LI><a href="#[74]">&gt;&gt;</a>&nbsp;&nbsp;&nbsp;AS608_Search
<LI><a href="#[73]">&gt;&gt;</a>&nbsp;&nbsp;&nbsp;AS608_RegModel
<LI><a href="#[6f]">&gt;&gt;</a>&nbsp;&nbsp;&nbsp;AS608_Init
<LI><a href="#[6e]">&gt;&gt;</a>&nbsp;&nbsp;&nbsp;AS608_GetImage
<LI><a href="#[6b]">&gt;&gt;</a>&nbsp;&nbsp;&nbsp;AS608_GenChar
</UL>

<P><STRONG><a name="[ce]"></a>ssd1306_WriteCommand</STRONG> (Thumb, 28 bytes, Stack size 24 bytes, ssd1306.o(i.ssd1306_WriteCommand))
<BR><BR>[Stack]<UL><LI>Max Depth = 152<LI>Call Chain = ssd1306_WriteCommand &rArr; HAL_I2C_Mem_Write &rArr; I2C_RequestMemoryWrite &rArr; I2C_WaitOnMasterAddressFlagUntilTimeout
</UL>
<BR>[Calls]<UL><LI><a href="#[94]">&gt;&gt;</a>&nbsp;&nbsp;&nbsp;HAL_I2C_Mem_Write
</UL>
<BR>[Called By]<UL><LI><a href="#[7a]">&gt;&gt;</a>&nbsp;&nbsp;&nbsp;ssd1306_UpdateScreen
<LI><a href="#[cd]">&gt;&gt;</a>&nbsp;&nbsp;&nbsp;ssd1306_Init
</UL>

<P><STRONG><a name="[b5]"></a>I2C_IsAcknowledgeFailed</STRONG> (Thumb, 46 bytes, Stack size 0 bytes, stm32f1xx_hal_i2c.o(i.I2C_IsAcknowledgeFailed))
<BR><BR>[Called By]<UL><LI><a href="#[97]">&gt;&gt;</a>&nbsp;&nbsp;&nbsp;I2C_WaitOnTXEFlagUntilTimeout
<LI><a href="#[98]">&gt;&gt;</a>&nbsp;&nbsp;&nbsp;I2C_WaitOnBTFFlagUntilTimeout
</UL>

<P><STRONG><a name="[96]"></a>I2C_RequestMemoryWrite</STRONG> (Thumb, 144 bytes, Stack size 32 bytes, stm32f1xx_hal_i2c.o(i.I2C_RequestMemoryWrite))
<BR><BR>[Stack]<UL><LI>Max Depth = 64<LI>Call Chain = I2C_RequestMemoryWrite &rArr; I2C_WaitOnMasterAddressFlagUntilTimeout
</UL>
<BR>[Calls]<UL><LI><a href="#[97]">&gt;&gt;</a>&nbsp;&nbsp;&nbsp;I2C_WaitOnTXEFlagUntilTimeout
<LI><a href="#[b4]">&gt;&gt;</a>&nbsp;&nbsp;&nbsp;I2C_WaitOnMasterAddressFlagUntilTimeout
<LI><a href="#[95]">&gt;&gt;</a>&nbsp;&nbsp;&nbsp;I2C_WaitOnFlagUntilTimeout
</UL>
<BR>[Called By]<UL><LI><a href="#[94]">&gt;&gt;</a>&nbsp;&nbsp;&nbsp;HAL_I2C_Mem_Write
</UL>

<P><STRONG><a name="[98]"></a>I2C_WaitOnBTFFlagUntilTimeout</STRONG> (Thumb, 76 bytes, Stack size 16 bytes, stm32f1xx_hal_i2c.o(i.I2C_WaitOnBTFFlagUntilTimeout))
<BR><BR>[Stack]<UL><LI>Max Depth = 16<LI>Call Chain = I2C_WaitOnBTFFlagUntilTimeout
</UL>
<BR>[Calls]<UL><LI><a href="#[85]">&gt;&gt;</a>&nbsp;&nbsp;&nbsp;HAL_GetTick
<LI><a href="#[b5]">&gt;&gt;</a>&nbsp;&nbsp;&nbsp;I2C_IsAcknowledgeFailed
</UL>
<BR>[Called By]<UL><LI><a href="#[94]">&gt;&gt;</a>&nbsp;&nbsp;&nbsp;HAL_I2C_Mem_Write
</UL>

<P><STRONG><a name="[95]"></a>I2C_WaitOnFlagUntilTimeout</STRONG> (Thumb, 104 bytes, Stack size 32 bytes, stm32f1xx_hal_i2c.o(i.I2C_WaitOnFlagUntilTimeout))
<BR><BR>[Stack]<UL><LI>Max Depth = 32<LI>Call Chain = I2C_WaitOnFlagUntilTimeout
</UL>
<BR>[Calls]<UL><LI><a href="#[85]">&gt;&gt;</a>&nbsp;&nbsp;&nbsp;HAL_GetTick
</UL>
<BR>[Called By]<UL><LI><a href="#[94]">&gt;&gt;</a>&nbsp;&nbsp;&nbsp;HAL_I2C_Mem_Write
<LI><a href="#[96]">&gt;&gt;</a>&nbsp;&nbsp;&nbsp;I2C_RequestMemoryWrite
</UL>

<P><STRONG><a name="[b4]"></a>I2C_WaitOnMasterAddressFlagUntilTimeout</STRONG> (Thumb, 150 bytes, Stack size 32 bytes, stm32f1xx_hal_i2c.o(i.I2C_WaitOnMasterAddressFlagUntilTimeout))
<BR><BR>[Stack]<UL><LI>Max Depth = 32<LI>Call Chain = I2C_WaitOnMasterAddressFlagUntilTimeout
</UL>
<BR>[Calls]<UL><LI><a href="#[85]">&gt;&gt;</a>&nbsp;&nbsp;&nbsp;HAL_GetTick
</UL>
<BR>[Called By]<UL><LI><a href="#[96]">&gt;&gt;</a>&nbsp;&nbsp;&nbsp;I2C_RequestMemoryWrite
</UL>

<P><STRONG><a name="[97]"></a>I2C_WaitOnTXEFlagUntilTimeout</STRONG> (Thumb, 76 bytes, Stack size 16 bytes, stm32f1xx_hal_i2c.o(i.I2C_WaitOnTXEFlagUntilTimeout))
<BR><BR>[Stack]<UL><LI>Max Depth = 16<LI>Call Chain = I2C_WaitOnTXEFlagUntilTimeout
</UL>
<BR>[Calls]<UL><LI><a href="#[85]">&gt;&gt;</a>&nbsp;&nbsp;&nbsp;HAL_GetTick
<LI><a href="#[b5]">&gt;&gt;</a>&nbsp;&nbsp;&nbsp;I2C_IsAcknowledgeFailed
</UL>
<BR>[Called By]<UL><LI><a href="#[94]">&gt;&gt;</a>&nbsp;&nbsp;&nbsp;HAL_I2C_Mem_Write
<LI><a href="#[96]">&gt;&gt;</a>&nbsp;&nbsp;&nbsp;I2C_RequestMemoryWrite
</UL>

<P><STRONG><a name="[9e]"></a>__NVIC_SetPriority</STRONG> (Thumb, 32 bytes, Stack size 0 bytes, stm32f1xx_hal_cortex.o(i.__NVIC_SetPriority))
<BR><BR>[Called By]<UL><LI><a href="#[7f]">&gt;&gt;</a>&nbsp;&nbsp;&nbsp;HAL_NVIC_SetPriority
<LI><a href="#[9d]">&gt;&gt;</a>&nbsp;&nbsp;&nbsp;HAL_SYSTICK_Config
</UL>

<P><STRONG><a name="[9f]"></a>PWR_OverloadWfe</STRONG> (Thumb, 6 bytes, Stack size 0 bytes, stm32f1xx_hal_pwr.o(i.PWR_OverloadWfe))
<BR><BR>[Called By]<UL><LI><a href="#[82]">&gt;&gt;</a>&nbsp;&nbsp;&nbsp;HAL_PWR_EnterSTOPMode
</UL>

<P><STRONG><a name="[8d]"></a>FLASH_Program_HalfWord</STRONG> (Thumb, 20 bytes, Stack size 0 bytes, stm32f1xx_hal_flash.o(i.FLASH_Program_HalfWord))
<BR><BR>[Called By]<UL><LI><a href="#[8b]">&gt;&gt;</a>&nbsp;&nbsp;&nbsp;HAL_FLASH_Program
</UL>

<P><STRONG><a name="[86]"></a>FLASH_SetErrorCode</STRONG> (Thumb, 84 bytes, Stack size 0 bytes, stm32f1xx_hal_flash.o(i.FLASH_SetErrorCode))
<BR><BR>[Called By]<UL><LI><a href="#[84]">&gt;&gt;</a>&nbsp;&nbsp;&nbsp;FLASH_WaitForLastOperation
</UL>

<P><STRONG><a name="[89]"></a>FLASH_MassErase</STRONG> (Thumb, 26 bytes, Stack size 0 bytes, stm32f1xx_hal_flash_ex.o(i.FLASH_MassErase))
<BR><BR>[Called By]<UL><LI><a href="#[88]">&gt;&gt;</a>&nbsp;&nbsp;&nbsp;HAL_FLASHEx_Erase
</UL>

<P><STRONG><a name="[3d]"></a>UART_DMAAbortOnError</STRONG> (Thumb, 16 bytes, Stack size 8 bytes, stm32f1xx_hal_uart.o(i.UART_DMAAbortOnError))
<BR><BR>[Stack]<UL><LI>Max Depth = 16<LI>Call Chain = UART_DMAAbortOnError &rArr; HAL_UART_ErrorCallback
</UL>
<BR>[Calls]<UL><LI><a href="#[a4]">&gt;&gt;</a>&nbsp;&nbsp;&nbsp;HAL_UART_ErrorCallback
</UL>
<BR>[Address Reference Count : 1]<UL><LI> stm32f1xx_hal_uart.o(i.HAL_UART_IRQHandler)
</UL>
<P><STRONG><a name="[a8]"></a>UART_EndRxTransfer</STRONG> (Thumb, 28 bytes, Stack size 0 bytes, stm32f1xx_hal_uart.o(i.UART_EndRxTransfer))
<BR><BR>[Called By]<UL><LI><a href="#[a6]">&gt;&gt;</a>&nbsp;&nbsp;&nbsp;HAL_UART_IRQHandler
</UL>

<P><STRONG><a name="[a7]"></a>UART_Receive_IT</STRONG> (Thumb, 150 bytes, Stack size 8 bytes, stm32f1xx_hal_uart.o(i.UART_Receive_IT))
<BR><BR>[Stack]<UL><LI>Max Depth = 36<LI>Call Chain = UART_Receive_IT &rArr; HAL_UART_RxCpltCallback &rArr; strcpy
</UL>
<BR>[Calls]<UL><LI><a href="#[b2]">&gt;&gt;</a>&nbsp;&nbsp;&nbsp;HAL_UART_RxCpltCallback
</UL>
<BR>[Called By]<UL><LI><a href="#[a6]">&gt;&gt;</a>&nbsp;&nbsp;&nbsp;HAL_UART_IRQHandler
</UL>

<P><STRONG><a name="[ae]"></a>UART_SetConfig</STRONG> (Thumb, 178 bytes, Stack size 24 bytes, stm32f1xx_hal_uart.o(i.UART_SetConfig))
<BR><BR>[Stack]<UL><LI>Max Depth = 24<LI>Call Chain = UART_SetConfig
</UL>
<BR>[Calls]<UL><LI><a href="#[c8]">&gt;&gt;</a>&nbsp;&nbsp;&nbsp;HAL_RCC_GetPCLK2Freq
<LI><a href="#[93]">&gt;&gt;</a>&nbsp;&nbsp;&nbsp;HAL_RCC_GetPCLK1Freq
</UL>
<BR>[Called By]<UL><LI><a href="#[ac]">&gt;&gt;</a>&nbsp;&nbsp;&nbsp;HAL_UART_Init
</UL>

<P><STRONG><a name="[aa]"></a>UART_Transmit_IT</STRONG> (Thumb, 98 bytes, Stack size 0 bytes, stm32f1xx_hal_uart.o(i.UART_Transmit_IT))
<BR><BR>[Called By]<UL><LI><a href="#[a6]">&gt;&gt;</a>&nbsp;&nbsp;&nbsp;HAL_UART_IRQHandler
</UL>

<P><STRONG><a name="[b1]"></a>UART_WaitOnFlagUntilTimeout</STRONG> (Thumb, 100 bytes, Stack size 24 bytes, stm32f1xx_hal_uart.o(i.UART_WaitOnFlagUntilTimeout))
<BR><BR>[Stack]<UL><LI>Max Depth = 24<LI>Call Chain = UART_WaitOnFlagUntilTimeout
</UL>
<BR>[Calls]<UL><LI><a href="#[85]">&gt;&gt;</a>&nbsp;&nbsp;&nbsp;HAL_GetTick
</UL>
<BR>[Called By]<UL><LI><a href="#[71]">&gt;&gt;</a>&nbsp;&nbsp;&nbsp;HAL_UART_Receive
<LI><a href="#[75]">&gt;&gt;</a>&nbsp;&nbsp;&nbsp;HAL_UART_Transmit
</UL>

<P><STRONG><a name="[3b]"></a>_printf_input_char</STRONG> (Thumb, 10 bytes, Stack size 0 bytes, _printf_char_common.o(.text))
<BR>[Address Reference Count : 1]<UL><LI> _printf_char_common.o(.text)
</UL><P>
<H3>
Undefined Global Symbols
</H3><HR></body></html>
